warning: unused variable: `dx_dposx`
   --> src/main.rs:601:33
    |
601 | ...                   let dx_dposx = 1.0;
    |                           ^^^^^^^^ help: if this is intentional, prefix it with an underscore: `_dx_dposx`
    |
    = note: `#[warn(unused_variables)]` (part of `#[warn(unused)]`) on by default

warning: unused variable: `dy_dposy`
   --> src/main.rs:602:33
    |
602 | ...                   let dy_dposy = 1.0;
    |                           ^^^^^^^^ help: if this is intentional, prefix it with an underscore: `_dy_dposy`

warning: `packer_rs` (bin "packer_rs") generated 2 warnings (run `cargo fix --bin "packer_rs" -p packer_rs` to apply 2 suggestions)
    Finished `release` profile [optimized] target(s) in 0.90s
[Main] Starting parallel loop on 32 cores.
[Main] Compiling Rust solver once before spawning workers...
warning: unused variable: `dx_dposx`
   --> src/main.rs:601:33
    |
601 | ...                   let dx_dposx = 1.0;
    |                           ^^^^^^^^ help: if this is intentional, prefix it with an underscore: `_dx_dposx`
    |
    = note: `#[warn(unused_variables)]` (part of `#[warn(unused)]`) on by default

warning: unused variable: `dy_dposy`
   --> src/main.rs:602:33
    |
602 | ...                   let dy_dposy = 1.0;
    |                           ^^^^^^^^ help: if this is intentional, prefix it with an underscore: `_dy_dposy`

warning: `packer_rs` (bin "packer_rs") generated 2 warnings (run `cargo fix --bin "packer_rs" -p packer_rs` to apply 2 suggestions)
    Finished `release` profile [optimized] target(s) in 0.21s
[20_DOMINO_in_CIRCLE] Starting (50000 attempts)
[17_DOMINO_in_CIRCLE] Starting (50000 attempts)
[19_DOMINO_in_DOMINO] Starting (50000 attempts)
[6_DOMINO_in_DOMINO] Starting (5000 attempts)
[13_DOMINO_in_CIRCLE] Starting (50000 attempts)
[14_DOMINO_in_CIRCLE] Starting (50000 attempts)
[18_DOMINO_in_CIRCLE] Starting (50000 attempts)
[8_DOMINO_in_CIRCLE] Starting (50000 attempts)
[11_DOMINO_in_CIRCLE] Starting (50000 attempts)
[11_DOMINO_in_DOMINO] Starting (50000 attempts)
[19_DOMINO_in_CIRCLE] Starting (50000 attempts)
[20_DOMINO_in_DOMINO] Starting (50000 attempts)
[10_DOMINO_in_CIRCLE] Starting (50000 attempts)
[9_DOMINO_in_CIRCLE] Starting (50000 attempts)
[12_DOMINO_in_CIRCLE] Starting (50000 attempts)
[16_DOMINO_in_CIRCLE] Starting (50000 attempts)
[5_DOMINO_in_CIRCLE] Starting (5000 attempts)
[12_DOMINO_in_DOMINO] Starting (50000 attempts)
[7_DOMINO_in_CIRCLE] Starting (5000 attempts)
[15_DOMINO_in_CIRCLE] Starting (50000 attempts)
[8_3_in_5] Starting (50000 attempts)
[8_3_in_5] Starting (50000 attempts)
[8_3_in_5] Starting (50000 attempts)
[8_3_in_5] Starting (50000 attempts)
[8_3_in_5] Starting (50000 attempts)
[8_3_in_5] Starting (50000 attempts)
[8_3_in_5] Starting (50000 attempts)
[8_3_in_5] Starting (50000 attempts)
[8_3_in_5] Starting (50000 attempts)
[8_3_in_5] Starting (50000 attempts)
[8_3_in_5] Starting (50000 attempts)
[8_3_in_5] Starting (50000 attempts)
slurmstepd: error: *** JOB 2408268 ON compute-33-08 CANCELLED AT 2026-08-06T17:18:50 ***
