[15_CIRCLE_in_CIRCLE] Starting (50000 attempts)
[12_CIRCLE_in_CIRCLE] Starting (50000 attempts)
[18_CIRCLE_in_CIRCLE] Starting (50000 attempts)
[20_CIRCLE_in_CIRCLE] Starting (50000 attempts)
[17_CIRCLE_in_CIRCLE] Starting (50000 attempts)
[14_CIRCLE_in_CIRCLE] Starting (50000 attempts)
[16_CIRCLE_in_CIRCLE] Starting (50000 attempts)
[8_3_in_5] Starting (50000 attempts)
[8_3_in_5] Starting (50000 attempts)
[8_3_in_5] Starting (50000 attempts)
[8_3_in_5] Starting (50000 attempts)
[8_3_in_5] Starting (50000 attempts)
[8_3_in_5] Starting (50000 attempts)
[8_3_in_5] Starting (50000 attempts)
[8_3_in_5] Starting (50000 attempts)
[8_3_in_5] Starting (50000 attempts)
[8_3_in_5] Starting (50000 attempts)
[8_3_in_5] Starting (50000 attempts)
[12_CIRCLE_in_CIRCLE] Success!
[Main] Worker finished 12_CIRCLE_in_CIRCLE with score 4.044636069278394
[15_CIRCLE_in_CIRCLE] Success!
[18_CIRCLE_in_CIRCLE] Success!
[14_CIRCLE_in_CIRCLE] Success!
[8_3_in_5] Success!
[16_CIRCLE_in_CIRCLE] Success!
[17_CIRCLE_in_CIRCLE] Success!
[20_CIRCLE_in_CIRCLE] Success!
[8_3_in_5] Success!
[8_3_in_5] Success!
[Main] Worker finished 20_CIRCLE_in_CIRCLE with score 5.143321280120154
[12_CIRCLE_in_CIRCLE] Starting (50000 attempts)
[Main] Worker finished 18_CIRCLE_in_CIRCLE with score 4.883494798545663
[Main] Worker finished 17_CIRCLE_in_CIRCLE with score 4.809960188594904
[Main] Worker finished 14_CIRCLE_in_CIRCLE with score 4.345096413036063
[8_3_in_5] Success!
[Main] Worker finished 16_CIRCLE_in_CIRCLE with score 4.63348722009616
[Main] Worker finished 8_3_in_5 with score 1.6593731136943732
[Main] Worker finished 8_3_in_5 with score 1.6593731136943732
[Main] Worker finished 8_3_in_5 with score 1.6593731136943732
[8_3_in_5] Success!
[Main] Worker finished 15_CIRCLE_in_CIRCLE with score 4.538260254000323
[15_CIRCLE_in_CIRCLE] Starting (50000 attempts)
[17_CIRCLE_in_CIRCLE] Starting (50000 attempts)
[8_3_in_5] Success!
[8_3_in_5] Success!
[14_CIRCLE_in_CIRCLE] Starting (50000 attempts)
[18_CIRCLE_in_CIRCLE] Starting (50000 attempts)
[16_CIRCLE_in_CIRCLE] Starting (50000 attempts)
[20_CIRCLE_in_CIRCLE] Starting (50000 attempts)
[8_3_in_5] Success!
[8_3_in_5] Starting (50000 attempts)
[8_3_in_5] Success!
[8_3_in_5] Starting (50000 attempts)
[8_3_in_5] Success!
[Main] Worker finished 8_3_in_5 with score 1.6593731136943732
[8_3_in_5] Starting (50000 attempts)
[Main] Worker finished 8_3_in_5 with score 1.6593731136943732
[Main] Worker finished 8_3_in_5 with score 1.6593731136943732
[Main] Worker finished 8_3_in_5 with score 1.6593731136943732
[Main] Worker finished 8_3_in_5 with score 1.6593731136943732
[Main] Worker finished 8_3_in_5 with score 1.6593731136943732
[Main] Worker finished 8_3_in_5 with score 1.6593731136943732
[8_3_in_5] Success!
[8_3_in_5] Starting (50000 attempts)
[8_3_in_5] Starting (50000 attempts)
[8_3_in_5] Starting (50000 attempts)
[8_3_in_5] Starting (50000 attempts)
[8_3_in_5] Starting (50000 attempts)
[8_3_in_5] Starting (50000 attempts)
[Main] Worker finished 8_3_in_5 with score 1.6593731136943732
[8_3_in_5] Starting (50000 attempts)
[8_3_in_5] Starting (50000 attempts)
[12_CIRCLE_in_CIRCLE] Success!
[Main] Worker finished 12_CIRCLE_in_CIRCLE with score 4.044636069278394
[12_CIRCLE_in_CIRCLE] Starting (50000 attempts)
[15_CIRCLE_in_CIRCLE] Success!
[Main] Worker finished 15_CIRCLE_in_CIRCLE with score 4.538260254000323
[17_CIRCLE_in_CIRCLE] Success!
[14_CIRCLE_in_CIRCLE] Success!
[Main] Worker finished 14_CIRCLE_in_CIRCLE with score 4.345096413036063
[15_CIRCLE_in_CIRCLE] Starting (50000 attempts)
[Main] Worker finished 17_CIRCLE_in_CIRCLE with score 4.809960188594904
[18_CIRCLE_in_CIRCLE] Success!
[16_CIRCLE_in_CIRCLE] Success!
[20_CIRCLE_in_CIRCLE] Success!
[17_CIRCLE_in_CIRCLE] Starting (50000 attempts)
[8_3_in_5] Success!
[8_3_in_5] Success!
[Main] Worker finished 8_3_in_5 with score 1.6632647724434986
[14_CIRCLE_in_CIRCLE] Starting (50000 attempts)
[Main] Worker finished 16_CIRCLE_in_CIRCLE with score 4.63348722009616
[8_3_in_5] Success!
[Main] Worker finished 20_CIRCLE_in_CIRCLE with score 5.143321280120154
[Main] Worker finished 18_CIRCLE_in_CIRCLE with score 4.883494798545663
[Main] Worker finished 8_3_in_5 with score 1.6632647724434986
[18_CIRCLE_in_CIRCLE] Starting (50000 attempts)
[8_3_in_5] Success!
[16_CIRCLE_in_CIRCLE] Starting (50000 attempts)
[8_3_in_5] Success!
[20_CIRCLE_in_CIRCLE] Starting (50000 attempts)
[8_3_in_5] Success!
[8_3_in_5] Starting (50000 attempts)
[Main] Worker finished 8_3_in_5 with score 1.6632647724434986
[8_3_in_5] Starting (50000 attempts)
[8_3_in_5] Success!
[Main] Worker finished 8_3_in_5 with score 1.6632647724434986
[Main] Worker finished 8_3_in_5 with score 1.6632647724434986
[Main] Worker finished 8_3_in_5 with score 1.6632647724434986
[8_3_in_5] Success!
[8_3_in_5] Starting (50000 attempts)
[8_3_in_5] Success!
[8_3_in_5] Starting (50000 attempts)
[8_3_in_5] Starting (50000 attempts)
[8_3_in_5] Success!
[Main] Worker finished 8_3_in_5 with score 1.6632647724434986
[8_3_in_5] Starting (50000 attempts)
[Main] Worker finished 8_3_in_5 with score 1.6632647724434986
[Main] Worker finished 8_3_in_5 with score 1.6632647724434986
[Main] Worker finished 8_3_in_5 with score 1.6632647724434986
[8_3_in_5] Success!
[8_3_in_5] Starting (50000 attempts)
[8_3_in_5] Starting (50000 attempts)
[8_3_in_5] Starting (50000 attempts)
[Main] Worker finished 8_3_in_5 with score 1.6632647724434986
[8_3_in_5] Starting (50000 attempts)
[8_3_in_5] Starting (50000 attempts)
[12_CIRCLE_in_CIRCLE] Success!
[Main] Worker finished 12_CIRCLE_in_CIRCLE with score 4.044636069278394
[15_CIRCLE_in_CIRCLE] Success!
[Main] Worker finished 15_CIRCLE_in_CIRCLE with score 4.538260254000323
[12_CIRCLE_in_CIRCLE] Starting (50000 attempts)
[17_CIRCLE_in_CIRCLE] Success!
[Main] Worker finished 17_CIRCLE_in_CIRCLE with score 4.809960188594904
[15_CIRCLE_in_CIRCLE] Starting (50000 attempts)
[14_CIRCLE_in_CIRCLE] Success!
[Main] Worker finished 14_CIRCLE_in_CIRCLE with score 4.345096413036063
[17_CIRCLE_in_CIRCLE] Starting (50000 attempts)
[14_CIRCLE_in_CIRCLE] Starting (50000 attempts)
[18_CIRCLE_in_CIRCLE] Success!
[Main] Worker finished 18_CIRCLE_in_CIRCLE with score 4.883494798545663
[16_CIRCLE_in_CIRCLE] Success!
[20_CIRCLE_in_CIRCLE] Success!
[Main] Worker finished 16_CIRCLE_in_CIRCLE with score 4.63348722009616
[18_CIRCLE_in_CIRCLE] Starting (50000 attempts)
[Main] Worker finished 20_CIRCLE_in_CIRCLE with score 5.143321280120154
[8_3_in_5] Success!
[8_3_in_5] Success!
[16_CIRCLE_in_CIRCLE] Starting (50000 attempts)
[Main] Worker finished 8_3_in_5 with score 1.6632647724434986
[20_CIRCLE_in_CIRCLE] Starting (50000 attempts)
[Main] Worker finished 8_3_in_5 with score 1.6632647724434986
[8_3_in_5] Success!
[8_3_in_5] Success!
[8_3_in_5] Starting (50000 attempts)
[8_3_in_5] Success!
[Main] Worker finished 8_3_in_5 with score 1.6632647724434986
[8_3_in_5] Starting (50000 attempts)
[Main] Worker finished 8_3_in_5 with score 1.6632647724434986
[8_3_in_5] Success!
[Main] Worker finished 8_3_in_5 with score 1.6632647724434986
[8_3_in_5] Starting (50000 attempts)
[8_3_in_5] Success!
[8_3_in_5] Starting (50000 attempts)
[Main] Worker finished 8_3_in_5 with score 1.6632647724434986
[8_3_in_5] Starting (50000 attempts)
[8_3_in_5] Success!
[Main] Worker finished 8_3_in_5 with score 1.6632647724434986
[8_3_in_5] Success!
[8_3_in_5] Starting (50000 attempts)
[Main] Worker finished 8_3_in_5 with score 1.6632647724434986
[8_3_in_5] Starting (50000 attempts)
[Main] Worker finished 8_3_in_5 with score 1.6632647724434986
[8_3_in_5] Success!
[8_3_in_5] Starting (50000 attempts)
[8_3_in_5] Success!
[Main] Worker finished 8_3_in_5 with score 1.6632647724434986
[8_3_in_5] Starting (50000 attempts)
[Main] Worker finished 8_3_in_5 with score 1.6632647724434986
[8_3_in_5] Starting (50000 attempts)
[8_3_in_5] Starting (50000 attempts)
[12_CIRCLE_in_CIRCLE] Success!
[Main] Worker finished 12_CIRCLE_in_CIRCLE with score 4.044636069278394
[15_CIRCLE_in_CIRCLE] Success!
[Main] Worker finished 15_CIRCLE_in_CIRCLE with score 4.538260254000323
[12_CIRCLE_in_CIRCLE] Starting (50000 attempts)
[15_CIRCLE_in_CIRCLE] Starting (50000 attempts)
[17_CIRCLE_in_CIRCLE] Success!
[Main] Worker finished 17_CIRCLE_in_CIRCLE with score 4.809960188594904
[14_CIRCLE_in_CIRCLE] Success!
[Main] Worker finished 14_CIRCLE_in_CIRCLE with score 4.345096413036063
[17_CIRCLE_in_CIRCLE] Starting (50000 attempts)
[18_CIRCLE_in_CIRCLE] Success!
[Main] Worker finished 18_CIRCLE_in_CIRCLE with score 4.883494798545663
[14_CIRCLE_in_CIRCLE] Starting (50000 attempts)
[16_CIRCLE_in_CIRCLE] Success!
[Main] Worker finished 16_CIRCLE_in_CIRCLE with score 4.63348722009616
[18_CIRCLE_in_CIRCLE] Starting (50000 attempts)
[20_CIRCLE_in_CIRCLE] Success!
[Main] Worker finished 20_CIRCLE_in_CIRCLE with score 5.143321280120154
[16_CIRCLE_in_CIRCLE] Starting (50000 attempts)
[8_3_in_5] Success!
[Main] Worker finished 8_3_in_5 with score 1.6632647724434986
[20_CIRCLE_in_CIRCLE] Starting (50000 attempts)
[8_3_in_5] Success!
[Main] Worker finished 8_3_in_5 with score 1.6632647724434986
[8_3_in_5] Starting (50000 attempts)
[8_3_in_5] Success!
[Main] Worker finished 8_3_in_5 with score 1.6632647724434986
[8_3_in_5] Starting (50000 attempts)
[8_3_in_5] Success!
[Main] Worker finished 8_3_in_5 with score 1.6632647724434986
[8_3_in_5] Starting (50000 attempts)
[8_3_in_5] Success!
[8_3_in_5] Success!
[Main] Worker finished 8_3_in_5 with score 1.6632647724434986
[8_3_in_5] Starting (50000 attempts)
[Main] Worker finished 8_3_in_5 with score 1.6632647724434986
[8_3_in_5] Success!
[8_3_in_5] Starting (50000 attempts)
[8_3_in_5] Success!
[Main] Worker finished 8_3_in_5 with score 1.6632647724434986
[8_3_in_5] Starting (50000 attempts)
[Main] Worker finished 8_3_in_5 with score 1.6632647724434986
[8_3_in_5] Starting (50000 attempts)
[8_3_in_5] Success!
[Main] Worker finished 8_3_in_5 with score 1.6632647724434986
[8_3_in_5] Starting (50000 attempts)
[8_3_in_5] Success!
[Main] Worker finished 8_3_in_5 with score 1.6632647724434986
[8_3_in_5] Starting (50000 attempts)
[8_3_in_5] Success!
[Main] Worker finished 8_3_in_5 with score 1.6632647724434986
[8_3_in_5] Starting (50000 attempts)
[8_3_in_5] Starting (50000 attempts)
[12_CIRCLE_in_CIRCLE] Success!
[Main] Worker finished 12_CIRCLE_in_CIRCLE with score 4.044636069278394
[12_CIRCLE_in_CIRCLE] Starting (50000 attempts)
[15_CIRCLE_in_CIRCLE] Success!
[Main] Worker finished 15_CIRCLE_in_CIRCLE with score 4.538260254000323
[17_CIRCLE_in_CIRCLE] Success!
[Main] Worker finished 17_CIRCLE_in_CIRCLE with score 4.809960188594904
[15_CIRCLE_in_CIRCLE] Starting (50000 attempts)
[14_CIRCLE_in_CIRCLE] Success!
[Main] Worker finished 14_CIRCLE_in_CIRCLE with score 4.345096413036063
[17_CIRCLE_in_CIRCLE] Starting (50000 attempts)
[14_CIRCLE_in_CIRCLE] Starting (50000 attempts)
[18_CIRCLE_in_CIRCLE] Success!
[Main] Worker finished 18_CIRCLE_in_CIRCLE with score 4.883494798545663
[16_CIRCLE_in_CIRCLE] Success!
[Main] Worker finished 16_CIRCLE_in_CIRCLE with score 4.63348722009616
[18_CIRCLE_in_CIRCLE] Starting (50000 attempts)
[20_CIRCLE_in_CIRCLE] Success!
[Main] Worker finished 20_CIRCLE_in_CIRCLE with score 5.143321280120154
[16_CIRCLE_in_CIRCLE] Starting (50000 attempts)
[8_3_in_5] Success!
[Main] Worker finished 8_3_in_5 with score 1.6632647724434986
[20_CIRCLE_in_CIRCLE] Starting (50000 attempts)
[8_3_in_5] Success!
[Main] Worker finished 8_3_in_5 with score 1.6632647724434986
[8_3_in_5] Starting (50000 attempts)
[8_3_in_5] Success!
[Main] Worker finished 8_3_in_5 with score 1.6632647724434986
[8_3_in_5] Starting (50000 attempts)
[8_3_in_5] Success!
[Main] Worker finished 8_3_in_5 with score 1.6632647724434986
[8_3_in_5] Starting (50000 attempts)
[8_3_in_5] Success!
[Main] Worker finished 8_3_in_5 with score 1.6632647724434986
[8_3_in_5] Starting (50000 attempts)
[8_3_in_5] Success!
[Main] Worker finished 8_3_in_5 with score 1.6632647724434986
[8_3_in_5] Starting (50000 attempts)
[8_3_in_5] Success!
[Main] Worker finished 8_3_in_5 with score 1.6632647724434986
[8_3_in_5] Starting (50000 attempts)
[8_3_in_5] Success!
[Main] Worker finished 8_3_in_5 with score 1.6632647724434986
[8_3_in_5] Starting (50000 attempts)
[8_3_in_5] Success!
[Main] Worker finished 8_3_in_5 with score 1.6632647724434986
[8_3_in_5] Starting (50000 attempts)
[8_3_in_5] Starting (50000 attempts)
[8_3_in_5] Success!
[Main] Worker finished 8_3_in_5 with score 1.6632647724434986
[8_3_in_5] Success!
[Main] Worker finished 8_3_in_5 with score 1.6632647724434986
[8_3_in_5] Starting (50000 attempts)
[8_3_in_5] Starting (50000 attempts)
[12_CIRCLE_in_CIRCLE] Success!
[Main] Worker finished 12_CIRCLE_in_CIRCLE with score 4.044636069278394
[12_CIRCLE_in_CIRCLE] Starting (50000 attempts)
[15_CIRCLE_in_CIRCLE] Success!
[Main] Worker finished 15_CIRCLE_in_CIRCLE with score 4.538260254000323
[17_CIRCLE_in_CIRCLE] Success!
[Main] Worker finished 17_CIRCLE_in_CIRCLE with score 4.809960188594904
[15_CIRCLE_in_CIRCLE] Starting (50000 attempts)
[14_CIRCLE_in_CIRCLE] Success!
[Main] Worker finished 14_CIRCLE_in_CIRCLE with score 4.345096413036063
[17_CIRCLE_in_CIRCLE] Starting (50000 attempts)
[18_CIRCLE_in_CIRCLE] Success!
[Main] Worker finished 18_CIRCLE_in_CIRCLE with score 4.883494798545663
[14_CIRCLE_in_CIRCLE] Starting (50000 attempts)
[18_CIRCLE_in_CIRCLE] Starting (50000 attempts)
[16_CIRCLE_in_CIRCLE] Success!
[Main] Worker finished 16_CIRCLE_in_CIRCLE with score 4.63348722009616
[20_CIRCLE_in_CIRCLE] Success!
[Main] Worker finished 20_CIRCLE_in_CIRCLE with score 5.143321280120154
[16_CIRCLE_in_CIRCLE] Starting (50000 attempts)
[8_3_in_5] Success!
[Main] Worker finished 8_3_in_5 with score 1.6632647724434986
[20_CIRCLE_in_CIRCLE] Starting (50000 attempts)
[8_3_in_5] Success!
[Main] Worker finished 8_3_in_5 with score 1.6632647724434986
[8_3_in_5] Starting (50000 attempts)
[8_3_in_5] Success!
[Main] Worker finished 8_3_in_5 with score 1.6632647724434986
[8_3_in_5] Starting (50000 attempts)
[8_3_in_5] Success!
[Main] Worker finished 8_3_in_5 with score 1.6632647724434986
[8_3_in_5] Starting (50000 attempts)
[8_3_in_5] Success!
[Main] Worker finished 8_3_in_5 with score 1.6632647724434986
[8_3_in_5] Starting (50000 attempts)
[8_3_in_5] Success!
[Main] Worker finished 8_3_in_5 with score 1.6632647724434986
[8_3_in_5] Starting (50000 attempts)
[8_3_in_5] Success!
[Main] Worker finished 8_3_in_5 with score 1.6632647724434986
[8_3_in_5] Starting (50000 attempts)
[8_3_in_5] Success!
[Main] Worker finished 8_3_in_5 with score 1.6632647724434986
[8_3_in_5] Starting (50000 attempts)
[8_3_in_5] Success!
[Main] Worker finished 8_3_in_5 with score 1.6632647724434986
[8_3_in_5] Starting (50000 attempts)
[8_3_in_5] Starting (50000 attempts)
[8_3_in_5] Success!
[Main] Worker finished 8_3_in_5 with score 1.6632647724434986
[8_3_in_5] Starting (50000 attempts)
[8_3_in_5] Success!
[Main] Worker finished 8_3_in_5 with score 1.6632647724434986
[8_3_in_5] Starting (50000 attempts)
[12_CIRCLE_in_CIRCLE] Success!
[Main] Worker finished 12_CIRCLE_in_CIRCLE with score 4.044636069278394
[15_CIRCLE_in_CIRCLE] Success!
[Main] Worker finished 15_CIRCLE_in_CIRCLE with score 4.538260254000323
[12_CIRCLE_in_CIRCLE] Starting (50000 attempts)
[15_CIRCLE_in_CIRCLE] Starting (50000 attempts)
[17_CIRCLE_in_CIRCLE] Success!
[Main] Worker finished 17_CIRCLE_in_CIRCLE with score 4.809960188594904
[14_CIRCLE_in_CIRCLE] Success!
[Main] Worker finished 14_CIRCLE_in_CIRCLE with score 4.345096413036063
[17_CIRCLE_in_CIRCLE] Starting (50000 attempts)
[18_CIRCLE_in_CIRCLE] Success!
[Main] Worker finished 18_CIRCLE_in_CIRCLE with score 4.883494798545663
[14_CIRCLE_in_CIRCLE] Starting (50000 attempts)
[16_CIRCLE_in_CIRCLE] Success!
[Main] Worker finished 16_CIRCLE_in_CIRCLE with score 4.63348722009616
[18_CIRCLE_in_CIRCLE] Starting (50000 attempts)
[16_CIRCLE_in_CIRCLE] Starting (50000 attempts)
[20_CIRCLE_in_CIRCLE] Success!
[Main] Worker finished 20_CIRCLE_in_CIRCLE with score 5.143321280120154
[8_3_in_5] Success!
[Main] Worker finished 8_3_in_5 with score 1.6632647724434986
[20_CIRCLE_in_CIRCLE] Starting (50000 attempts)
[8_3_in_5] Success!
[Main] Worker finished 8_3_in_5 with score 1.6632647724434986
[8_3_in_5] Starting (50000 attempts)
[8_3_in_5] Success!
[Main] Worker finished 8_3_in_5 with score 1.6632647724434986
[8_3_in_5] Starting (50000 attempts)
[8_3_in_5] Success!
[Main] Worker finished 8_3_in_5 with score 1.6632647724434986
[8_3_in_5] Starting (50000 attempts)
[8_3_in_5] Success!
[Main] Worker finished 8_3_in_5 with score 1.6632647724434986
[8_3_in_5] Starting (50000 attempts)
[8_3_in_5] Success!
[Main] Worker finished 8_3_in_5 with score 1.6632647724434986
[8_3_in_5] Starting (50000 attempts)
[8_3_in_5] Success!
[Main] Worker finished 8_3_in_5 with score 1.6632647724434986
[8_3_in_5] Starting (50000 attempts)
[8_3_in_5] Success!
[Main] Worker finished 8_3_in_5 with score 1.6632647724434986
[8_3_in_5] Starting (50000 attempts)
[8_3_in_5] Success!
[Main] Worker finished 8_3_in_5 with score 1.6632647724434986
[8_3_in_5] Starting (50000 attempts)
[8_3_in_5] Success!
[Main] Worker finished 8_3_in_5 with score 1.6632647724434986
[8_3_in_5] Starting (50000 attempts)
[8_3_in_5] Starting (50000 attempts)
[8_3_in_5] Success!
[Main] Worker finished 8_3_in_5 with score 1.6632647724434986
[8_3_in_5] Starting (50000 attempts)
[12_CIRCLE_in_CIRCLE] Success!
[Main] Worker finished 12_CIRCLE_in_CIRCLE with score 4.044636069278394
[15_CIRCLE_in_CIRCLE] Success!
[Main] Worker finished 15_CIRCLE_in_CIRCLE with score 4.538260254000323
[12_CIRCLE_in_CIRCLE] Starting (50000 attempts)
[17_CIRCLE_in_CIRCLE] Success!
[Main] Worker finished 17_CIRCLE_in_CIRCLE with score 4.809960188594904
[15_CIRCLE_in_CIRCLE] Starting (50000 attempts)
[14_CIRCLE_in_CIRCLE] Success!
[Main] Worker finished 14_CIRCLE_in_CIRCLE with score 4.345096413036063
[17_CIRCLE_in_CIRCLE] Starting (50000 attempts)
[18_CIRCLE_in_CIRCLE] Success!
[Main] Worker finished 18_CIRCLE_in_CIRCLE with score 4.883494798545663
[14_CIRCLE_in_CIRCLE] Starting (50000 attempts)
[16_CIRCLE_in_CIRCLE] Success!
[Main] Worker finished 16_CIRCLE_in_CIRCLE with score 4.63348722009616
[18_CIRCLE_in_CIRCLE] Starting (50000 attempts)
[16_CIRCLE_in_CIRCLE] Starting (50000 attempts)
[20_CIRCLE_in_CIRCLE] Success!
[Main] Worker finished 20_CIRCLE_in_CIRCLE with score 5.143321280120154
[8_3_in_5] Success!
[8_3_in_5] Success!
[Main] Worker finished 8_3_in_5 with score 1.6632647724434986
[20_CIRCLE_in_CIRCLE] Starting (50000 attempts)
[Main] Worker finished 8_3_in_5 with score 1.6632647724434986
[8_3_in_5] Starting (50000 attempts)
[8_3_in_5] Success!
[Main] Worker finished 8_3_in_5 with score 1.6632647724434986
[8_3_in_5] Starting (50000 attempts)
[8_3_in_5] Success!
[Main] Worker finished 8_3_in_5 with score 1.6632647724434986
[8_3_in_5] Starting (50000 attempts)
[8_3_in_5] Success!
[Main] Worker finished 8_3_in_5 with score 1.6632647724434986
[8_3_in_5] Starting (50000 attempts)
[8_3_in_5] Success!
[Main] Worker finished 8_3_in_5 with score 1.6632647724434986
[8_3_in_5] Starting (50000 attempts)
[8_3_in_5] Success!
[Main] Worker finished 8_3_in_5 with score 1.6632647724434986
[8_3_in_5] Starting (50000 attempts)
[8_3_in_5] Success!
[Main] Worker finished 8_3_in_5 with score 1.6632647724434986
[8_3_in_5] Starting (50000 attempts)
[8_3_in_5] Success!
[Main] Worker finished 8_3_in_5 with score 1.6632647724434986
[8_3_in_5] Starting (50000 attempts)
[8_3_in_5] Success!
[Main] Worker finished 8_3_in_5 with score 1.6632647724434986
[8_3_in_5] Starting (50000 attempts)
[8_3_in_5] Starting (50000 attempts)
[8_3_in_5] Success!
[Main] Worker finished 8_3_in_5 with score 1.6632647724434986
[8_3_in_5] Starting (50000 attempts)
[12_CIRCLE_in_CIRCLE] Success!
[Main] Worker finished 12_CIRCLE_in_CIRCLE with score 4.044636069278394
[15_CIRCLE_in_CIRCLE] Success!
[Main] Worker finished 15_CIRCLE_in_CIRCLE with score 4.538260254000323
[12_CIRCLE_in_CIRCLE] Starting (50000 attempts)
[17_CIRCLE_in_CIRCLE] Success!
[14_CIRCLE_in_CIRCLE] Success!
[Main] Worker finished 14_CIRCLE_in_CIRCLE with score 4.345096413036063
[15_CIRCLE_in_CIRCLE] Starting (50000 attempts)
[Main] Worker finished 17_CIRCLE_in_CIRCLE with score 4.809960188594904
[18_CIRCLE_in_CIRCLE] Success!
[17_CIRCLE_in_CIRCLE] Starting (50000 attempts)
[16_CIRCLE_in_CIRCLE] Success!
[Main] Worker finished 16_CIRCLE_in_CIRCLE with score 4.63348722009616
[14_CIRCLE_in_CIRCLE] Starting (50000 attempts)
[Main] Worker finished 18_CIRCLE_in_CIRCLE with score 4.883494798545663
[18_CIRCLE_in_CIRCLE] Starting (50000 attempts)
[20_CIRCLE_in_CIRCLE] Success!
[8_3_in_5] Success!
[Main] Worker finished 20_CIRCLE_in_CIRCLE with score 5.143321280120154
[16_CIRCLE_in_CIRCLE] Starting (50000 attempts)
[Main] Worker finished 8_3_in_5 with score 1.6632647724434986
[8_3_in_5] Success!
[20_CIRCLE_in_CIRCLE] Starting (50000 attempts)
[8_3_in_5] Success!
[Main] Worker finished 8_3_in_5 with score 1.6632647724434986
[8_3_in_5] Starting (50000 attempts)
[Main] Worker finished 8_3_in_5 with score 1.6632647724434986
[8_3_in_5] Success!
[8_3_in_5] Starting (50000 attempts)
[8_3_in_5] Success!
[8_3_in_5] Success!
[Main] Worker finished 8_3_in_5 with score 1.6632647724434986
[8_3_in_5] Starting (50000 attempts)
[Main] Worker finished 8_3_in_5 with score 1.6632647724434986
[Main] Worker finished 8_3_in_5 with score 1.6632647724434986
[8_3_in_5] Success!
[8_3_in_5] Starting (50000 attempts)
[8_3_in_5] Success!
[8_3_in_5] Starting (50000 attempts)
[8_3_in_5] Success!
[Main] Worker finished 8_3_in_5 with score 1.6632647724434986
[8_3_in_5] Starting (50000 attempts)
[Main] Worker finished 8_3_in_5 with score 1.6632647724434986
[Main] Worker finished 8_3_in_5 with score 1.6632647724434986
[8_3_in_5] Success!
[8_3_in_5] Starting (50000 attempts)
[8_3_in_5] Starting (50000 attempts)
[8_3_in_5] Success!
[Main] Worker finished 8_3_in_5 with score 1.6632647724434986
[8_3_in_5] Starting (50000 attempts)
[Main] Worker finished 8_3_in_5 with score 1.6632647724434986
[8_3_in_5] Starting (50000 attempts)
[8_3_in_5] Starting (50000 attempts)
[12_CIRCLE_in_CIRCLE] Success!
[Main] Worker finished 12_CIRCLE_in_CIRCLE with score 4.044636069278394
[15_CIRCLE_in_CIRCLE] Success!
[Main] Worker finished 15_CIRCLE_in_CIRCLE with score 4.538260254000323
[12_CIRCLE_in_CIRCLE] Starting (50000 attempts)
[15_CIRCLE_in_CIRCLE] Starting (50000 attempts)
[17_CIRCLE_in_CIRCLE] Success!
[Main] Worker finished 17_CIRCLE_in_CIRCLE with score 4.809960188594904
[14_CIRCLE_in_CIRCLE] Success!
[Main] Worker finished 14_CIRCLE_in_CIRCLE with score 4.345096413036063
[17_CIRCLE_in_CIRCLE] Starting (50000 attempts)
[14_CIRCLE_in_CIRCLE] Starting (50000 attempts)
[18_CIRCLE_in_CIRCLE] Success!
[Main] Worker finished 18_CIRCLE_in_CIRCLE with score 4.883494798545663
[16_CIRCLE_in_CIRCLE] Success!
[Main] Worker finished 16_CIRCLE_in_CIRCLE with score 4.63348722009616
[18_CIRCLE_in_CIRCLE] Starting (50000 attempts)
[16_CIRCLE_in_CIRCLE] Starting (50000 attempts)
[20_CIRCLE_in_CIRCLE] Success!
[Main] Worker finished 20_CIRCLE_in_CIRCLE with score 5.143321280120154
[8_3_in_5] Success!
[Main] Worker finished 8_3_in_5 with score 1.6632647724434986
[20_CIRCLE_in_CIRCLE] Starting (50000 attempts)
[8_3_in_5] Success!
[Main] Worker finished 8_3_in_5 with score 1.6632647724434986
[8_3_in_5] Starting (50000 attempts)
[8_3_in_5] Success!
[Main] Worker finished 8_3_in_5 with score 1.6632647724434986
[8_3_in_5] Starting (50000 attempts)
[8_3_in_5] Success!
[Main] Worker finished 8_3_in_5 with score 1.6632647724434986
[8_3_in_5] Starting (50000 attempts)
[8_3_in_5] Success!
[Main] Worker finished 8_3_in_5 with score 1.6632647724434986
[8_3_in_5] Starting (50000 attempts)
[8_3_in_5] Success!
[Main] Worker finished 8_3_in_5 with score 1.6632647724434986
[8_3_in_5] Starting (50000 attempts)
[8_3_in_5] Success!
[Main] Worker finished 8_3_in_5 with score 1.6632647724434986
[8_3_in_5] Starting (50000 attempts)
[8_3_in_5] Starting (50000 attempts)
[8_3_in_5] Success!
[Main] Worker finished 8_3_in_5 with score 1.6632647724434986
[8_3_in_5] Success!
[Main] Worker finished 8_3_in_5 with score 1.6632647724434986
[8_3_in_5] Starting (50000 attempts)
[8_3_in_5] Starting (50000 attempts)
[8_3_in_5] Success!
[Main] Worker finished 8_3_in_5 with score 1.6632647724434986
[8_3_in_5] Success!
[Main] Worker finished 8_3_in_5 with score 1.6632647724434986
[8_3_in_5] Starting (50000 attempts)
[8_3_in_5] Starting (50000 attempts)
[12_CIRCLE_in_CIRCLE] Success!
[Main] Worker finished 12_CIRCLE_in_CIRCLE with score 4.044636069278394
[15_CIRCLE_in_CIRCLE] Success!
[Main] Worker finished 15_CIRCLE_in_CIRCLE with score 4.538260254000323
[12_CIRCLE_in_CIRCLE] Starting (50000 attempts)
[17_CIRCLE_in_CIRCLE] Success!
[Main] Worker finished 17_CIRCLE_in_CIRCLE with score 4.809960188594904
[15_CIRCLE_in_CIRCLE] Starting (50000 attempts)
[14_CIRCLE_in_CIRCLE] Success!
[Main] Worker finished 14_CIRCLE_in_CIRCLE with score 4.345096413036063
[17_CIRCLE_in_CIRCLE] Starting (50000 attempts)
[18_CIRCLE_in_CIRCLE] Success!
[Main] Worker finished 18_CIRCLE_in_CIRCLE with score 4.883494798545663
[14_CIRCLE_in_CIRCLE] Starting (50000 attempts)
[16_CIRCLE_in_CIRCLE] Success!
[Main] Worker finished 16_CIRCLE_in_CIRCLE with score 4.63348722009616
[18_CIRCLE_in_CIRCLE] Starting (50000 attempts)
[16_CIRCLE_in_CIRCLE] Starting (50000 attempts)
[20_CIRCLE_in_CIRCLE] Success!
[Main] Worker finished 20_CIRCLE_in_CIRCLE with score 5.143321280120154
[8_3_in_5] Success!
[Main] Worker finished 8_3_in_5 with score 1.6632647724434986
[20_CIRCLE_in_CIRCLE] Starting (50000 attempts)
[8_3_in_5] Success!
[Main] Worker finished 8_3_in_5 with score 1.6632647724434986
[8_3_in_5] Starting (50000 attempts)
[8_3_in_5] Success!
[Main] Worker finished 8_3_in_5 with score 1.6632647724434986
[8_3_in_5] Starting (50000 attempts)
[8_3_in_5] Success!
[Main] Worker finished 8_3_in_5 with score 1.6632647724434986
[8_3_in_5] Starting (50000 attempts)
[8_3_in_5] Success!
[Main] Worker finished 8_3_in_5 with score 1.6632647724434986
[8_3_in_5] Starting (50000 attempts)
[8_3_in_5] Success!
[Main] Worker finished 8_3_in_5 with score 1.6632647724434986
[8_3_in_5] Starting (50000 attempts)
[8_3_in_5] Success!
[Main] Worker finished 8_3_in_5 with score 1.6632647724434986
[8_3_in_5] Starting (50000 attempts)
[8_3_in_5] Success!
[Main] Worker finished 8_3_in_5 with score 1.6632647724434986
[8_3_in_5] Starting (50000 attempts)
[8_3_in_5] Starting (50000 attempts)
[8_3_in_5] Success!
[Main] Worker finished 8_3_in_5 with score 1.6632647724434986
[8_3_in_5] Starting (50000 attempts)
[8_3_in_5] Success!
[Main] Worker finished 8_3_in_5 with score 1.6632647724434986
[8_3_in_5] Success!
[Main] Worker finished 8_3_in_5 with score 1.6632647724434986
[8_3_in_5] Starting (50000 attempts)
[8_3_in_5] Starting (50000 attempts)
[12_CIRCLE_in_CIRCLE] Success!
[Main] Worker finished 12_CIRCLE_in_CIRCLE with score 4.044636069278394
[12_CIRCLE_in_CIRCLE] Starting (50000 attempts)
[15_CIRCLE_in_CIRCLE] Success!
[Main] Worker finished 15_CIRCLE_in_CIRCLE with score 4.538260254000323
[17_CIRCLE_in_CIRCLE] Success!
[Main] Worker finished 17_CIRCLE_in_CIRCLE with score 4.809960188594904
[15_CIRCLE_in_CIRCLE] Starting (50000 attempts)
[14_CIRCLE_in_CIRCLE] Success!
[Main] Worker finished 14_CIRCLE_in_CIRCLE with score 4.345096413036063
[17_CIRCLE_in_CIRCLE] Starting (50000 attempts)
[18_CIRCLE_in_CIRCLE] Success!
[Main] Worker finished 18_CIRCLE_in_CIRCLE with score 4.883494798545663
[14_CIRCLE_in_CIRCLE] Starting (50000 attempts)
[16_CIRCLE_in_CIRCLE] Success!
[Main] Worker finished 16_CIRCLE_in_CIRCLE with score 4.63348722009616
[18_CIRCLE_in_CIRCLE] Starting (50000 attempts)
[20_CIRCLE_in_CIRCLE] Success!
[Main] Worker finished 20_CIRCLE_in_CIRCLE with score 5.143321280120154
[16_CIRCLE_in_CIRCLE] Starting (50000 attempts)
[8_3_in_5] Success!
[Main] Worker finished 8_3_in_5 with score 1.6632647724434986
[20_CIRCLE_in_CIRCLE] Starting (50000 attempts)
[8_3_in_5] Success!
[Main] Worker finished 8_3_in_5 with score 1.6632647724434986
[8_3_in_5] Starting (50000 attempts)
[8_3_in_5] Success!
[Main] Worker finished 8_3_in_5 with score 1.6632647724434986
[8_3_in_5] Starting (50000 attempts)
[8_3_in_5] Success!
[Main] Worker finished 8_3_in_5 with score 1.6632647724434986
[8_3_in_5] Starting (50000 attempts)
[8_3_in_5] Success!
[Main] Worker finished 8_3_in_5 with score 1.6632647724434986
[8_3_in_5] Starting (50000 attempts)
[8_3_in_5] Success!
[Main] Worker finished 8_3_in_5 with score 1.6632647724434986
[8_3_in_5] Starting (50000 attempts)
[8_3_in_5] Success!
[Main] Worker finished 8_3_in_5 with score 1.6632647724434986
[8_3_in_5] Starting (50000 attempts)
[8_3_in_5] Success!
[8_3_in_5] Success!
[Main] Worker finished 8_3_in_5 with score 1.6632647724434986
[8_3_in_5] Starting (50000 attempts)
[Main] Worker finished 8_3_in_5 with score 1.6632647724434986
[8_3_in_5] Starting (50000 attempts)
[8_3_in_5] Success!
[Main] Worker finished 8_3_in_5 with score 1.6632647724434986
[8_3_in_5] Starting (50000 attempts)
[8_3_in_5] Success!
[Main] Worker finished 8_3_in_5 with score 1.6632647724434986
[8_3_in_5] Starting (50000 attempts)
[8_3_in_5] Starting (50000 attempts)
[12_CIRCLE_in_CIRCLE] Success!
[Main] Worker finished 12_CIRCLE_in_CIRCLE with score 4.044636069278394
[12_CIRCLE_in_CIRCLE] Starting (50000 attempts)
[15_CIRCLE_in_CIRCLE] Success!
[Main] Worker finished 15_CIRCLE_in_CIRCLE with score 4.538260254000323
[17_CIRCLE_in_CIRCLE] Success!
[Main] Worker finished 17_CIRCLE_in_CIRCLE with score 4.809960188594904
[15_CIRCLE_in_CIRCLE] Starting (50000 attempts)
[14_CIRCLE_in_CIRCLE] Success!
[Main] Worker finished 14_CIRCLE_in_CIRCLE with score 4.345096413036063
[17_CIRCLE_in_CIRCLE] Starting (50000 attempts)
[18_CIRCLE_in_CIRCLE] Success!
[Main] Worker finished 18_CIRCLE_in_CIRCLE with score 4.883494798545663
[14_CIRCLE_in_CIRCLE] Starting (50000 attempts)
[16_CIRCLE_in_CIRCLE] Success!
[Main] Worker finished 16_CIRCLE_in_CIRCLE with score 4.63348722009616
[18_CIRCLE_in_CIRCLE] Starting (50000 attempts)
[16_CIRCLE_in_CIRCLE] Starting (50000 attempts)
[20_CIRCLE_in_CIRCLE] Success!
[Main] Worker finished 20_CIRCLE_in_CIRCLE with score 5.143321280120154
[8_3_in_5] Success!
[Main] Worker finished 8_3_in_5 with score 1.6632647724434986
[20_CIRCLE_in_CIRCLE] Starting (50000 attempts)
[8_3_in_5] Starting (50000 attempts)
[8_3_in_5] Success!
[Main] Worker finished 8_3_in_5 with score 1.6632647724434986
[8_3_in_5] Success!
[Main] Worker finished 8_3_in_5 with score 1.6632647724434986
[8_3_in_5] Starting (50000 attempts)
[8_3_in_5] Starting (50000 attempts)
[8_3_in_5] Success!
[Main] Worker finished 8_3_in_5 with score 1.6632647724434986
[8_3_in_5] Success!
[Main] Worker finished 8_3_in_5 with score 1.6632647724434986
[8_3_in_5] Starting (50000 attempts)
[8_3_in_5] Success!
[Main] Worker finished 8_3_in_5 with score 1.6632647724434986
[8_3_in_5] Starting (50000 attempts)
[8_3_in_5] Success!
[Main] Worker finished 8_3_in_5 with score 1.6632647724434986
[8_3_in_5] Starting (50000 attempts)
[8_3_in_5] Success!
[Main] Worker finished 8_3_in_5 with score 1.6632647724434986
[8_3_in_5] Starting (50000 attempts)
[8_3_in_5] Success!
[Main] Worker finished 8_3_in_5 with score 1.6632647724434986
[8_3_in_5] Starting (50000 attempts)
[8_3_in_5] Success!
[Main] Worker finished 8_3_in_5 with score 1.6632647724434986
[8_3_in_5] Starting (50000 attempts)
[8_3_in_5] Starting (50000 attempts)
[8_3_in_5] Success!
[Main] Worker finished 8_3_in_5 with score 1.6632647724434986
[8_3_in_5] Starting (50000 attempts)
[12_CIRCLE_in_CIRCLE] Success!
[Main] Worker finished 12_CIRCLE_in_CIRCLE with score 4.044636069278394
[12_CIRCLE_in_CIRCLE] Starting (50000 attempts)
[15_CIRCLE_in_CIRCLE] Success!
[Main] Worker finished 15_CIRCLE_in_CIRCLE with score 4.538260254000323
[15_CIRCLE_in_CIRCLE] Starting (50000 attempts)
[17_CIRCLE_in_CIRCLE] Success!
[Main] Worker finished 17_CIRCLE_in_CIRCLE with score 4.809960188594904
[14_CIRCLE_in_CIRCLE] Success!
[Main] Worker finished 14_CIRCLE_in_CIRCLE with score 4.345096413036063
[17_CIRCLE_in_CIRCLE] Starting (50000 attempts)
[14_CIRCLE_in_CIRCLE] Starting (50000 attempts)
[18_CIRCLE_in_CIRCLE] Success!
[Main] Worker finished 18_CIRCLE_in_CIRCLE with score 4.883494798545663
[16_CIRCLE_in_CIRCLE] Success!
[Main] Worker finished 16_CIRCLE_in_CIRCLE with score 4.63348722009616
[18_CIRCLE_in_CIRCLE] Starting (50000 attempts)
[16_CIRCLE_in_CIRCLE] Starting (50000 attempts)
[20_CIRCLE_in_CIRCLE] Success!
[Main] Worker finished 20_CIRCLE_in_CIRCLE with score 5.143321280120154
[8_3_in_5] Success!
[Main] Worker finished 8_3_in_5 with score 1.6632647724434986
[20_CIRCLE_in_CIRCLE] Starting (50000 attempts)
[8_3_in_5] Success!
[Main] Worker finished 8_3_in_5 with score 1.6632647724434986
[8_3_in_5] Starting (50000 attempts)
[8_3_in_5] Success!
[Main] Worker finished 8_3_in_5 with score 1.6632647724434986
[8_3_in_5] Starting (50000 attempts)
[8_3_in_5] Success!
[Main] Worker finished 8_3_in_5 with score 1.6632647724434986
[8_3_in_5] Starting (50000 attempts)
[8_3_in_5] Success!
[Main] Worker finished 8_3_in_5 with score 1.6632647724434986
[8_3_in_5] Starting (50000 attempts)
[8_3_in_5] Success!
[Main] Worker finished 8_3_in_5 with score 1.6632647724434986
[8_3_in_5] Starting (50000 attempts)
[8_3_in_5] Success!
[Main] Worker finished 8_3_in_5 with score 1.6632647724434986
[8_3_in_5] Starting (50000 attempts)
[8_3_in_5] Success!
[Main] Worker finished 8_3_in_5 with score 1.6632647724434986
[8_3_in_5] Starting (50000 attempts)
[8_3_in_5] Success!
[Main] Worker finished 8_3_in_5 with score 1.6632647724434986
[8_3_in_5] Starting (50000 attempts)
[8_3_in_5] Success!
[Main] Worker finished 8_3_in_5 with score 1.6632647724434986
[8_3_in_5] Starting (50000 attempts)
[8_3_in_5] Starting (50000 attempts)
[8_3_in_5] Success!
[Main] Worker finished 8_3_in_5 with score 1.6632647724434986
[8_3_in_5] Starting (50000 attempts)
[12_CIRCLE_in_CIRCLE] Success!
[Main] Worker finished 12_CIRCLE_in_CIRCLE with score 4.044636069278394
[12_CIRCLE_in_CIRCLE] Starting (50000 attempts)
[15_CIRCLE_in_CIRCLE] Success!
[Main] Worker finished 15_CIRCLE_in_CIRCLE with score 4.538260254000323
[15_CIRCLE_in_CIRCLE] Starting (50000 attempts)
[17_CIRCLE_in_CIRCLE] Success!
[Main] Worker finished 17_CIRCLE_in_CIRCLE with score 4.809960188594904
[17_CIRCLE_in_CIRCLE] Starting (50000 attempts)
[14_CIRCLE_in_CIRCLE] Success!
[Main] Worker finished 14_CIRCLE_in_CIRCLE with score 4.345096413036063
[18_CIRCLE_in_CIRCLE] Success!
[Main] Worker finished 18_CIRCLE_in_CIRCLE with score 4.883494798545663
[14_CIRCLE_in_CIRCLE] Starting (50000 attempts)
[18_CIRCLE_in_CIRCLE] Starting (50000 attempts)
[16_CIRCLE_in_CIRCLE] Success!
[Main] Worker finished 16_CIRCLE_in_CIRCLE with score 4.63348722009616
[16_CIRCLE_in_CIRCLE] Starting (50000 attempts)
[20_CIRCLE_in_CIRCLE] Success!
[Main] Worker finished 20_CIRCLE_in_CIRCLE with score 5.143321280120154
[8_3_in_5] Success!
[Main] Worker finished 8_3_in_5 with score 1.6632647724434986
[20_CIRCLE_in_CIRCLE] Starting (50000 attempts)
[8_3_in_5] Success!
[8_3_in_5] Success!
[Main] Worker finished 8_3_in_5 with score 1.6632647724434986
[8_3_in_5] Starting (50000 attempts)
[Main] Worker finished 8_3_in_5 with score 1.6632647724434986
[8_3_in_5] Success!
[8_3_in_5] Starting (50000 attempts)
[Main] Worker finished 8_3_in_5 with score 1.6632647724434986
[8_3_in_5] Starting (50000 attempts)
[8_3_in_5] Success!
[Main] Worker finished 8_3_in_5 with score 1.6632647724434986
[8_3_in_5] Starting (50000 attempts)
[8_3_in_5] Success!
[Main] Worker finished 8_3_in_5 with score 1.6632647724434986
[8_3_in_5] Starting (50000 attempts)
[8_3_in_5] Success!
[Main] Worker finished 8_3_in_5 with score 1.6632647724434986
[8_3_in_5] Starting (50000 attempts)
[8_3_in_5] Success!
[Main] Worker finished 8_3_in_5 with score 1.6632647724434986
[8_3_in_5] Starting (50000 attempts)
[8_3_in_5] Success!
[Main] Worker finished 8_3_in_5 with score 1.6632647724434986
[8_3_in_5] Starting (50000 attempts)
[8_3_in_5] Success!
[Main] Worker finished 8_3_in_5 with score 1.6632647724434986
[8_3_in_5] Starting (50000 attempts)
[8_3_in_5] Starting (50000 attempts)
[8_3_in_5] Success!
[Main] Worker finished 8_3_in_5 with score 1.6632647724434986
[8_3_in_5] Starting (50000 attempts)
[12_CIRCLE_in_CIRCLE] Success!
[Main] Worker finished 12_CIRCLE_in_CIRCLE with score 4.044636069278394
[12_CIRCLE_in_CIRCLE] Starting (50000 attempts)
[15_CIRCLE_in_CIRCLE] Success!
[Main] Worker finished 15_CIRCLE_in_CIRCLE with score 4.538260254000323
[15_CIRCLE_in_CIRCLE] Starting (50000 attempts)
[17_CIRCLE_in_CIRCLE] Success!
[Main] Worker finished 17_CIRCLE_in_CIRCLE with score 4.809960188594904
[17_CIRCLE_in_CIRCLE] Starting (50000 attempts)
[14_CIRCLE_in_CIRCLE] Success!
[Main] Worker finished 14_CIRCLE_in_CIRCLE with score 4.345096413036063
[18_CIRCLE_in_CIRCLE] Success!
[Main] Worker finished 18_CIRCLE_in_CIRCLE with score 4.883494798545663
[14_CIRCLE_in_CIRCLE] Starting (50000 attempts)
[18_CIRCLE_in_CIRCLE] Starting (50000 attempts)
[16_CIRCLE_in_CIRCLE] Success!
[Main] Worker finished 16_CIRCLE_in_CIRCLE with score 4.63348722009616
[16_CIRCLE_in_CIRCLE] Starting (50000 attempts)
[20_CIRCLE_in_CIRCLE] Success!
[Main] Worker finished 20_CIRCLE_in_CIRCLE with score 5.143321280120154
[8_3_in_5] Success!
[Main] Worker finished 8_3_in_5 with score 1.6632647724434986
[20_CIRCLE_in_CIRCLE] Starting (50000 attempts)
[8_3_in_5] Success!
[Main] Worker finished 8_3_in_5 with score 1.6632647724434986
[8_3_in_5] Starting (50000 attempts)
[8_3_in_5] Success!
[Main] Worker finished 8_3_in_5 with score 1.6632647724434986
[8_3_in_5] Starting (50000 attempts)
[8_3_in_5] Success!
[8_3_in_5] Success!
[Main] Worker finished 8_3_in_5 with score 1.6632647724434986
[8_3_in_5] Starting (50000 attempts)
[Main] Worker finished 8_3_in_5 with score 1.6632647724434986
[8_3_in_5] Starting (50000 attempts)
[8_3_in_5] Success!
[Main] Worker finished 8_3_in_5 with score 1.6632647724434986
[8_3_in_5] Starting (50000 attempts)
[8_3_in_5] Success!
[Main] Worker finished 8_3_in_5 with score 1.6632647724434986
[8_3_in_5] Starting (50000 attempts)
[8_3_in_5] Success!
[Main] Worker finished 8_3_in_5 with score 1.6632647724434986
[8_3_in_5] Starting (50000 attempts)
[8_3_in_5] Success!
[Main] Worker finished 8_3_in_5 with score 1.6632647724434986
[8_3_in_5] Starting (50000 attempts)
[8_3_in_5] Success!
[Main] Worker finished 8_3_in_5 with score 1.6632647724434986
[8_3_in_5] Starting (50000 attempts)
[8_3_in_5] Success!
[Main] Worker finished 8_3_in_5 with score 1.6632647724434986
[8_3_in_5] Starting (50000 attempts)
[8_3_in_5] Starting (50000 attempts)
[12_CIRCLE_in_CIRCLE] Success!
[Main] Worker finished 12_CIRCLE_in_CIRCLE with score 4.044636069278394
[12_CIRCLE_in_CIRCLE] Starting (50000 attempts)
[15_CIRCLE_in_CIRCLE] Success!
[Main] Worker finished 15_CIRCLE_in_CIRCLE with score 4.538260254000323
[17_CIRCLE_in_CIRCLE] Success!
[Main] Worker finished 17_CIRCLE_in_CIRCLE with score 4.809960188594904
[15_CIRCLE_in_CIRCLE] Starting (50000 attempts)
[14_CIRCLE_in_CIRCLE] Success!
[Main] Worker finished 14_CIRCLE_in_CIRCLE with score 4.345096413036063
[17_CIRCLE_in_CIRCLE] Starting (50000 attempts)
[18_CIRCLE_in_CIRCLE] Success!
[Main] Worker finished 18_CIRCLE_in_CIRCLE with score 4.883494798545663
[14_CIRCLE_in_CIRCLE] Starting (50000 attempts)
[16_CIRCLE_in_CIRCLE] Success!
[Main] Worker finished 16_CIRCLE_in_CIRCLE with score 4.63348722009616
[18_CIRCLE_in_CIRCLE] Starting (50000 attempts)
[20_CIRCLE_in_CIRCLE] Success!
[Main] Worker finished 20_CIRCLE_in_CIRCLE with score 5.143321280120154
[16_CIRCLE_in_CIRCLE] Starting (50000 attempts)
[8_3_in_5] Success!
[Main] Worker finished 8_3_in_5 with score 1.6632647724434986
[20_CIRCLE_in_CIRCLE] Starting (50000 attempts)
[8_3_in_5] Success!
[Main] Worker finished 8_3_in_5 with score 1.6632647724434986
[8_3_in_5] Starting (50000 attempts)
[8_3_in_5] Starting (50000 attempts)
[8_3_in_5] Success!
[Main] Worker finished 8_3_in_5 with score 1.6632647724434986
[8_3_in_5] Success!
[Main] Worker finished 8_3_in_5 with score 1.6632647724434986
[8_3_in_5] Starting (50000 attempts)
[8_3_in_5] Success!
[Main] Worker finished 8_3_in_5 with score 1.6632647724434986
[8_3_in_5] Starting (50000 attempts)
[8_3_in_5] Success!
[Main] Worker finished 8_3_in_5 with score 1.6632647724434986
[8_3_in_5] Starting (50000 attempts)
[8_3_in_5] Success!
[Main] Worker finished 8_3_in_5 with score 1.6632647724434986
[8_3_in_5] Starting (50000 attempts)
[8_3_in_5] Success!
[Main] Worker finished 8_3_in_5 with score 1.6632647724434986
[8_3_in_5] Starting (50000 attempts)
[8_3_in_5] Success!
[Main] Worker finished 8_3_in_5 with score 1.6632647724434986
[8_3_in_5] Starting (50000 attempts)
[8_3_in_5] Success!
[Main] Worker finished 8_3_in_5 with score 1.6632647724434986
[8_3_in_5] Starting (50000 attempts)
[8_3_in_5] Success!
[Main] Worker finished 8_3_in_5 with score 1.6632647724434986
[8_3_in_5] Starting (50000 attempts)
[8_3_in_5] Starting (50000 attempts)