   Compiling pyo3-build-config v0.22.6
   Compiling pyo3-ffi v0.22.6
   Compiling pyo3-macros-backend v0.22.6
   Compiling pyo3 v0.22.6
   Compiling pyo3-macros v0.22.6
   Compiling packer_rs v0.1.0 (/home/ltkhg4/Code/git/shape-packing/packer_rs)
    Finished `release` profile [optimized] target(s) in 16.38s
[Main] Starting parallel loop on 32 cores.
[Main] Compiled Rust solver binary / library found. Skipping recompilation.
[Main] Loading history into memory...
[diff] 3_TAN_in_6: diff=0.30 hist=0 fr_best=0.98882 -> attempts=20000 swarm=1
[3_TAN_in_6] Starting (20000 attempts)
[diff] 3_TAN_in_8: diff=0.30 hist=0 fr_best=0.72389 -> attempts=20000 swarm=1
[3_TAN_in_8] Starting (20000 attempts)
[diff] 5_tan_in_cir: diff=0.30 hist=0 fr_best=1.125 -> attempts=20000 swarm=1
[5_tan_in_cir] Starting (20000 attempts)
[diff] 5_8_in_TAN: diff=0.30 hist=0 fr_best=8.7426 -> attempts=20000 swarm=1
[5_8_in_TAN] Starting (20000 attempts)
[diff] 7_5_in_TAN: diff=0.30 hist=0 fr_best=6.03679 -> attempts=20000 swarm=1
[7_5_in_TAN] Starting (20000 attempts)
[diff] 7_6_in_TAN: diff=0.30 hist=0 fr_best=7.3992 -> attempts=20000 swarm=1
[7_6_in_TAN] Starting (20000 attempts)
[diff] 6_tan_in_cir: diff=0.30 hist=0 fr_best=1.198 -> attempts=20000 swarm=1
[6_tan_in_cir] Starting (20000 attempts)
[diff] 5_TAN_in_8: diff=0.30 hist=0 fr_best=0.88072 -> attempts=20000 swarm=1
[5_TAN_in_8] Starting (20000 attempts)
[diff] 8_6_in_TAN: diff=0.30 hist=0 fr_best=7.8334 -> attempts=20000 swarm=1
[8_6_in_TAN] Starting (20000 attempts)
[diff] 8_8_in_TAN: diff=0.30 hist=0 fr_best=10.6568 -> attempts=20000 swarm=1
[8_8_in_TAN] Starting (20000 attempts)
[diff] 9_6_in_TAN: diff=0.30 hist=0 fr_best=8.2827 -> attempts=20000 swarm=1
[9_6_in_TAN] Starting (20000 attempts)
[diff] 7_8_in_TAN: diff=0.30 hist=0 fr_best=9.9497 -> attempts=20000 swarm=1
[7_8_in_TAN] Starting (20000 attempts)
[diff] 11_CIRCLE_in_TAN: diff=0.45 hist=0 fr_best=10.0591 -> attempts=42500 swarm=1
[11_CIRCLE_in_TAN] Starting (42500 attempts)
[diff] 6_6_in_TAN: diff=0.30 hist=0 fr_best=6.7429 -> attempts=20000 swarm=1
[6_6_in_TAN] Starting (20000 attempts)
[diff] 8_4_in_tan: diff=0.30 hist=0 fr_best=4.828 -> attempts=20000 swarm=1
[8_4_in_tan] Starting (20000 attempts)
[diff] 6_5_in_TAN: diff=0.30 hist=0 fr_best=5.48233 -> attempts=20000 swarm=1
[6_5_in_TAN] Starting (20000 attempts)
[diff] 4_TAN_in_6: diff=0.30 hist=0 fr_best=1.05845 -> attempts=20000 swarm=1
[4_TAN_in_6] Starting (20000 attempts)
[diff] 9_5_in_TAN: diff=0.30 hist=0 fr_best=6.69536 -> attempts=20000 swarm=1
[9_5_in_TAN] Starting (20000 attempts)
[diff] 8_5_in_TAN: diff=0.30 hist=0 fr_best=6.30671 -> attempts=20000 swarm=1
[8_5_in_TAN] Starting (20000 attempts)
[diff] 12_CIRCLE_in_TAN: diff=0.45 hist=0 fr_best=10.422 -> attempts=42500 swarm=1
[12_CIRCLE_in_TAN] Starting (42500 attempts)
[diff] 11_6_in_TAN: diff=0.45 hist=0 fr_best=9.0609 -> attempts=42500 swarm=1
[11_6_in_TAN] Starting (42500 attempts)
[diff] 11_8_in_TAN: diff=0.45 hist=0 fr_best=12.3333 -> attempts=42500 swarm=1
[11_8_in_TAN] Starting (42500 attempts)
[diff] 7_tan_in_cir: diff=0.30 hist=0 fr_best=1.26287 -> attempts=20000 swarm=1
[7_tan_in_cir] Starting (20000 attempts)
[diff] 13_CIRCLE_in_TAN: diff=0.45 hist=0 fr_best=10.798 -> attempts=42500 swarm=1
[13_CIRCLE_in_TAN] Starting (42500 attempts)
[diff] 11_5_in_TAN: diff=0.45 hist=0 fr_best=7.34729 -> attempts=42500 swarm=1
[11_5_in_TAN] Starting (42500 attempts)
[diff] 12_6_in_TAN: diff=0.45 hist=0 fr_best=9.4132 -> attempts=42500 swarm=1
[12_6_in_TAN] Starting (42500 attempts)
[diff] 10_5_in_TAN: diff=0.45 hist=0 fr_best=6.98078 -> attempts=42500 swarm=1
[10_5_in_TAN] Starting (42500 attempts)
[diff] 4_TAN_in_8: diff=0.30 hist=0 fr_best=0.76537 -> attempts=20000 swarm=1
[4_TAN_in_8] Starting (20000 attempts)
[diff] 14_CIRCLE_in_TAN: diff=0.45 hist=0 fr_best=11.1416 -> attempts=42500 swarm=1
[14_CIRCLE_in_TAN] Starting (42500 attempts)
[diff] 4_TAN_in_5: diff=0.30 hist=0 fr_best=1.2806 -> attempts=20000 swarm=1
[4_TAN_in_5] Starting (20000 attempts)
[diff] 16_CIRCLE_in_TAN: diff=0.55 hist=0 fr_best=11.892 -> attempts=65000 swarm=1
[16_CIRCLE_in_TAN] Starting (65000 attempts)
[diff] 3_TAN_in_5: diff=0.30 hist=0 fr_best=1.1058 -> attempts=20000 swarm=1
[3_TAN_in_5] Starting (20000 attempts)
[3_TAN_in_8] Success!
[Main] Worker finished 3_TAN_in_8 with score 0.7239009551121717
[8_4_in_tan] Success!
[diff] 10_6_in_TAN: diff=0.45 hist=0 fr_best=8.536 -> attempts=42500 swarm=1
[Main] Worker finished 8_4_in_tan with score 4.82921070439029
[10_6_in_TAN] Starting (42500 attempts)
[diff] 4_TAN_in_3: diff=0.30 hist=0 fr_best=2.53732 -> attempts=20000 swarm=1
[4_TAN_in_3] Starting (20000 attempts)
[5_8_in_TAN] Success!
[Main] Worker finished 5_8_in_TAN with score 8.742684287632692
[diff] 13_6_in_TAN: diff=0.45 hist=0 fr_best=9.7009 -> attempts=42500 swarm=1
[13_6_in_TAN] Starting (42500 attempts)
[6_6_in_TAN] Success!
[Main] Worker finished 6_6_in_TAN with score 6.7429962728646755
[6_5_in_TAN] Success!
[diff] 7_DOMINO_in_TAN: diff=0.30 hist=0 fr_best=6.2426 -> attempts=20000 swarm=1
[Main] Worker finished 6_5_in_TAN with score 5.4824064146790965
[7_DOMINO_in_TAN] Starting (20000 attempts)
[7_5_in_TAN] Success!
[diff] 7_4_in_tan: diff=0.30 hist=0 fr_best=4.414 -> attempts=20000 swarm=1
[Main] Worker finished 7_5_in_TAN with score 6.037303673815075
[7_4_in_tan] Starting (20000 attempts)
[diff] 13_8_in_TAN: diff=0.45 hist=0 fr_best=13.2175 -> attempts=42500 swarm=1
[13_8_in_TAN] Starting (42500 attempts)
[3_TAN_in_6] Success!
[Main] Worker finished 3_TAN_in_6 with score 0.9888762137653412
[5_tan_in_cir] Success!
[6_tan_in_cir] Success!
[5_TAN_in_8] Success!
[7_6_in_TAN] Success!
[9_6_in_TAN] Success!
[8_6_in_TAN] Success!
[7_8_in_TAN] Success!
[11_CIRCLE_in_TAN] Success!
[8_8_in_TAN] Success!
[diff] 18_CIRCLE_in_TAN: diff=0.55 hist=0 fr_best=12.542 -> attempts=65000 swarm=1
[Main] Worker finished 7_6_in_TAN with score 7.399285812321998
[18_CIRCLE_in_TAN] Starting (65000 attempts)
[Main] Worker finished 5_tan_in_cir with score 1.1256829428589297
[Main] Worker finished 8_8_in_TAN with score 10.656958373798044
[Main] Batch committing 10 runs...
[4_TAN_in_6] Success!
[9_5_in_TAN] Success!
[8_5_in_TAN] Success!
[12_CIRCLE_in_TAN] Success!
[11_6_in_TAN] Success!
[11_8_in_TAN] Success!
[7_tan_in_cir] Success!
[13_CIRCLE_in_TAN] Success!
[11_5_in_TAN] Success!
[12_6_in_TAN] Success!
[10_5_in_TAN] Success!
[4_TAN_in_8] Success!
[14_CIRCLE_in_TAN] Success!
[4_TAN_in_5] Success!
[16_CIRCLE_in_TAN] Success!
[3_TAN_in_5] Success!
[7_DOMINO_in_TAN] Success!
[7_4_in_tan] Success!
[4_TAN_in_3] Success!
[10_6_in_TAN] Success!
[13_6_in_TAN] Success!
[18_CIRCLE_in_TAN] Success!
