warning: unused variable: `dx_dposx`
   --> src/main.rs:641:33
    |
641 | ...                   let dx_dposx = 1.0;
    |                           ^^^^^^^^ help: if this is intentional, prefix it with an underscore: `_dx_dposx`
    |
    = note: `#[warn(unused_variables)]` (part of `#[warn(unused)]`) on by default

warning: unused variable: `dy_dposy`
   --> src/main.rs:642:33
    |
642 | ...                   let dy_dposy = 1.0;
    |                           ^^^^^^^^ help: if this is intentional, prefix it with an underscore: `_dy_dposy`

warning: `packer_rs` (bin "packer_rs") generated 2 warnings (run `cargo fix --bin "packer_rs" -p packer_rs` to apply 2 suggestions)
    Finished `release` profile [optimized] target(s) in 0.70s
[Main] Starting parallel loop on 32 cores.
[Main] Compiling Rust solver once before spawning workers...
warning: unused variable: `dx_dposx`
   --> src/main.rs:641:33
    |
641 | ...                   let dx_dposx = 1.0;
    |                           ^^^^^^^^ help: if this is intentional, prefix it with an underscore: `_dx_dposx`
    |
    = note: `#[warn(unused_variables)]` (part of `#[warn(unused)]`) on by default

warning: unused variable: `dy_dposy`
   --> src/main.rs:642:33
    |
642 | ...                   let dy_dposy = 1.0;
    |                           ^^^^^^^^ help: if this is intentional, prefix it with an underscore: `_dy_dposy`

warning: `packer_rs` (bin "packer_rs") generated 2 warnings (run `cargo fix --bin "packer_rs" -p packer_rs` to apply 2 suggestions)
    Finished `release` profile [optimized] target(s) in 0.16s
[Main] Loading history into memory...
[2_8_in_3] Starting (5000 attempts)
[2_4_in_5] Starting (5000 attempts)
[3_3_in_8] Starting (5000 attempts)
[2_8_in_8] Starting (5000 attempts)
[3_3_in_6] Starting (5000 attempts)
[2_DOMINO_in_DOMINO] Starting (5000 attempts)
[2_4_in_8] Starting (5000 attempts)
[2_8_in_4] Starting (5000 attempts)
[1_8_in_3] Starting (5000 attempts)
[4_5_in_3] Starting (5000 attempts)
[3_5_in_DOMINO] Starting (5000 attempts)
[3_4_in_8] Starting (5000 attempts)
[3_8_in_DOMINO] Starting (5000 attempts)
[4_8_in_3] Starting (5000 attempts)
[4_6_in_DOMINO] Starting (5000 attempts)
[3_5_in_5] Starting (5000 attempts)
[3_CIRCLE_in_5] Starting (5000 attempts)
[3_6_in_DOMINO] Starting (5000 attempts)
[3_4_in_5] Starting (5000 attempts)
[4_8_in_DOMINO] Starting (5000 attempts)
[3_5_in_4] Starting (5000 attempts)
[3_4_in_6] Starting (5000 attempts)
[3_8_in_CIRCLE] Starting (5000 attempts)
[4_5_in_DOMINO] Starting (5000 attempts)
[3_8_in_8] Starting (5000 attempts)
[7_8_in_3] Starting (5000 attempts)
[4_DOMINO_in_3] Starting (5000 attempts)
[3_5_in_8] Starting (5000 attempts)
[5_5_in_3] Starting (5000 attempts)
[5_6_in_3] Starting (5000 attempts)
[5_8_in_3] Starting (5000 attempts)
[3_DOMINO_in_5] Starting (5000 attempts)
[FAIL] Shape 1 is out of bounds! Violation margin: 0.535633048275802; Shape 1 is out of bounds! Violation margin: 0.6701334715325549; Shape 1 is out of bounds! Violation margin: 0.23246572504026952; Shapes 0 and 1 overlap! Depth: 0.20696033340892714
[2_8_in_3] Success!
[Main] Worker finished 2_8_in_3 with score 6.404244654058302
[4_5_in_CIRCLE] Starting (5000 attempts)
[PASS] Valid configuration, metric s=1.971205364122458
[2_DOMINO_in_DOMINO] Success!
[Main] Worker finished 2_DOMINO_in_DOMINO with score 1.971205364122458
[7_5_in_3] Starting (5000 attempts)
[PASS] Valid configuration, metric s=4.121327274071906
[2_8_in_4] Success!
[Main] Worker finished 2_8_in_4 with score 4.121327274071906
[4_6_in_CIRCLE] Starting (5000 attempts)
[PASS] Valid configuration, metric s=5.219936469636757
[PASS] Valid configuration, metric s=3.015864732511266
[4_5_in_3] Success!
[Main] Worker finished 4_5_in_3 with score 5.219936469636757
[3_CIRCLE_in_5] Success!
[Main] Worker finished 3_CIRCLE_in_5 with score 3.0158647325112655
[4_CIRCLE_in_5] Starting (5000 attempts)
[PASS] Valid configuration, metric s=1.535746925497133
[2_4_in_5] Success!
[4_4_in_6] Starting (5000 attempts)
[Main] Worker finished 2_4_in_5 with score 1.5357469254971334
[3_8_in_6] Starting (5000 attempts)
[PASS] Valid configuration, metric s=5.381933087692770
[4_DOMINO_in_3] Success!
[Main] Worker finished 4_DOMINO_in_3 with score 5.3819330876927705
[4_5_in_5] Starting (5000 attempts)
[PASS] Valid configuration, metric s=2.535899003441659
[3_6_in_DOMINO] Success!
[Main] Worker finished 3_6_in_DOMINO with score 2.5358990034416586
[2_DOMINO_in_5] Starting (5000 attempts)
[PASS] Valid configuration, metric s=2.000001409279163
[2_8_in_8] Success!
[Main] Worker finished 2_8_in_8 with score 2.0000014092791627
[4_4_in_5] Starting (5000 attempts)
[PASS] Valid configuration, metric s=8.652151337852702
[PASS] Valid configuration, metric s=2.100515369640836
[3_5_in_DOMINO] Success!
[Main] Worker finished 3_5_in_DOMINO with score 2.1005153696408363
[Main] Batch committing 10 runs...
[4_8_in_3] Success!
[PASS] Valid configuration, metric s=3.513677405488879
[3_8_in_DOMINO] Success!
[PASS] Valid configuration, metric s=0.876699268544093
[2_4_in_8] Success!
[PASS] Valid configuration, metric s=2.908117337325069
[3_5_in_4] Success!
[PASS] Valid configuration, metric s=0.736540117121987
[PASS] Valid configuration, metric s=0.989299688700059
[3_3_in_8] Success!
[PASS] Valid configuration, metric s=0.000000276694985
[3_3_in_6] Success!
[1_8_in_3] Success!
[PASS] Valid configuration, metric s=1.029438247875353
[3_4_in_8] Success!
[PASS] Valid configuration, metric s=2.947442948191439
[4_6_in_DOMINO] Success!
[PASS] Valid configuration, metric s=2.236068067823152
[3_5_in_5] Success!
[PASS] Valid configuration, metric s=3.979903381810763
[PASS] Valid configuration, metric s=1.695620157408876
[PASS] Valid configuration, metric s=1.366033828222576
[4_8_in_DOMINO] Success!
[PASS] Valid configuration, metric s=2.716111480142126
[3_4_in_6] Success!
[3_4_in_5] Success!
[3_8_in_CIRCLE] Success!
[PASS] Valid configuration, metric s=2.337395720443554
[4_5_in_DOMINO] Success!
[PASS] Valid configuration, metric s=2.171574024034340
[3_8_in_8] Success!
[PASS] Valid configuration, metric s=11.066376749298056
[7_8_in_3] Success!
[PASS] Valid configuration, metric s=1.289552176877809
[3_5_in_8] Success!
[PASS] Valid configuration, metric s=5.558108891374155
[5_5_in_3] Success!
[PASS] Valid configuration, metric s=6.830192045440366
[5_6_in_3] Success!
[PASS] Valid configuration, metric s=9.285064744792447
[5_8_in_3] Success!
[PASS] Valid configuration, metric s=2.319336543239429
[3_DOMINO_in_5] Success!
[PASS] Valid configuration, metric s=3.314452326160118
[4_CIRCLE_in_5] Success!
[PASS] Valid configuration, metric s=1.861668816577609
[2_DOMINO_in_5] Success!
[PASS] Valid configuration, metric s=6.500348339982891
[7_5_in_3] Success!
[PASS] Valid configuration, metric s=1.829716416065513
[4_5_in_CIRCLE] Success!
[PASS] Valid configuration, metric s=2.889629996220031
[3_8_in_6] Success!
[PASS] Valid configuration, metric s=2.239601453470764
[4_6_in_CIRCLE] Success!
[PASS] Valid configuration, metric s=1.519671715326794
[4_4_in_6] Success!
[PASS] Valid configuration, metric s=2.447214502561680
[4_5_in_5] Success!
[PASS] Valid configuration, metric s=1.861669673765003
[4_4_in_5] Success!
[main 9d411d8a] auto: batch update of 10 runs
 Committer: ltkhg4 <ltkhg4@compute-14-36.mill>
Your name and email address were configured automatically based
on your username and hostname. Please check that they are accurate.
You can suppress this message by setting them explicitly. Run the
following command and follow the instructions in your editor to edit
your configuration file:

    git config --global --edit

After doing this, you may fix the identity used for this commit with:

    git commit --amend --reset-author

 43 files changed, 507 insertions(+)
 create mode 100644 results/1_8_in_3/20260808_003324/solution.json
 create mode 100644 results/2_4_in_5/20260808_003324/solution.json
 create mode 100644 results/2_4_in_8/20260808_003324/solution.json
 create mode 100644 results/2_8_in_3/20260808_003324/solution.json
 create mode 100644 results/2_8_in_4/20260808_003324/solution.json
 create mode 100644 results/2_8_in_8/20260808_003324/solution.json
 create mode 100644 results/2_DOMINO_in_5/20260808_003718/solution.json
 create mode 100644 results/2_DOMINO_in_DOMINO/20260808_003324/solution.json
 create mode 100644 results/3_3_in_6/20260808_003324/solution.json
 create mode 100644 results/3_3_in_8/20260808_003324/solution.json
 create mode 100644 results/3_4_in_5/20260808_003330/solution.json
 create mode 100644 results/3_4_in_6/20260808_003330/solution.json
 create mode 100644 results/3_4_in_8/20260808_003325/solution.json
 create mode 100644 results/3_5_in_4/20260808_003330/solution.json
 create mode 100644 results/3_5_in_5/20260808_003328/solution.json
 create mode 100644 results/3_5_in_8/20260808_003334/solution.json
 create mode 100644 results/3_5_in_DOMINO/20260808_003325/solution.json
 create mode 100644 results/3_6_in_DOMINO/20260808_003330/solution.json
 create mode 100644 results/3_8_in_6/20260808_003610/solution.json
 create mode 100644 results/3_8_in_8/20260808_003332/solution.json
 create mode 100644 results/3_8_in_CIRCLE/20260808_003330/solution.json
 create mode 100644 results/3_8_in_DOMINO/20260808_003326/solution.json
 create mode 100644 results/3_CIRCLE_in_5/20260808_003329/solution.json
 create mode 100644 results/3_DOMINO_in_5/20260808_003341/solution.json
 create mode 100644 results/4_4_in_5/20260808_003723/solution.json
 create mode 100644 results/4_4_in_6/20260808_003608/solution.json
 create mode 100644 results/4_5_in_3/20260808_003324/solution.json
 create mode 100644 results/4_5_in_5/20260808_003645/solution.json
 create mode 100644 results/4_5_in_CIRCLE/20260808_003454/solution.json
 create mode 100644 results/4_5_in_DOMINO/20260808_003331/solution.json
 create mode 100644 results/4_6_in_CIRCLE/20260808_003531/solution.json
 create mode 100644 results/4_6_in_DOMINO/20260808_003327/solution.json
 create mode 100644 results/4_8_in_3/20260808_003327/solution.json
 create mode 100644 results/4_8_in_DOMINO/20260808_003330/solution.json
 create mode 100644 results/4_CIRCLE_in_5/20260808_003606/solution.json
 create mode 100644 results/4_DOMINO_in_3/20260808_003333/solution.json
 create mode 100644 results/5_5_in_3/20260808_003337/solution.json
 create mode 100644 results/5_6_in_3/20260808_003338/solution.json
 create mode 100644 results/5_8_in_3/20260808_003340/solution.json
 create mode 100644 results/7_5_in_3/20260808_003513/solution.json
 create mode 100644 results/7_8_in_3/20260808_003333/solution.json
 create mode 100644 results/mill-2409013.out
[Main] Worker finished 3_5_in_4 with score 2.9081173373250686
[8_8_in_3] Starting (50000 attempts)
[Main] Worker finished 3_3_in_8 with score 0.7365401171219866
[Main] Worker finished 4_5_in_DOMINO with score 2.3373957204435536
[Main] Worker finished 4_5_in_5 with score 2.4472145025616805
[Main] Worker finished 4_4_in_6 with score 1.519671715326794
[Main] Worker finished 4_5_in_CIRCLE with score 1.8297164160655135
[Main] Worker finished 3_5_in_5 with score 2.236068067823152
[Main] Worker finished 4_8_in_DOMINO with score 3.979903381810763
[Main] Worker finished 3_5_in_8 with score 1.2895521768778089
[Main] Worker finished 5_6_in_3 with score 6.830192045440366
[Main] Batch committing 10 runs...
[main 880fc03d] auto: batch update of 10 runs
 Committer: ltkhg4 <ltkhg4@compute-14-36.mill>
Your name and email address were configured automatically based
on your username and hostname. Please check that they are accurate.
You can suppress this message by setting them explicitly. Run the
following command and follow the instructions in your editor to edit
your configuration file:

    git config --global --edit

After doing this, you may fix the identity used for this commit with:

    git commit --amend --reset-author

 2 files changed, 79 insertions(+)
[Main] Worker finished 3_8_in_6 with score 2.889629996220031
[Main] Worker finished 2_DOMINO_in_5 with score 1.8616688165776094
[Main] Worker finished 3_4_in_6 with score 1.3660338282225761
[Main] Worker finished 3_8_in_CIRCLE with score 2.7161114801421262
[Main] Worker finished 3_DOMINO_in_5 with score 2.319336543239429
[Main] Worker finished 3_4_in_5 with score 1.6956201574088763
[Main] Worker finished 4_6_in_DOMINO with score 2.947442948191439
[Main] Worker finished 5_5_in_3 with score 5.558108891374155
[Main] Worker finished 5_8_in_3 with score 9.285064744792447
[Main] Worker finished 4_6_in_CIRCLE with score 2.2396014534707644
[Main] Batch committing 10 runs...
[main 68738926] auto: batch update of 10 runs
 Committer: ltkhg4 <ltkhg4@compute-14-36.mill>
Your name and email address were configured automatically based
on your username and hostname. Please check that they are accurate.
You can suppress this message by setting them explicitly. Run the
following command and follow the instructions in your editor to edit
your configuration file:

    git config --global --edit

After doing this, you may fix the identity used for this commit with:

    git commit --amend --reset-author

 2 files changed, 36 insertions(+)
[Main] Worker finished 3_4_in_8 with score 1.0294382478753528
[Main] Worker finished 3_8_in_8 with score 2.17157402403434
[Main] Worker finished 2_4_in_8 with score 0.876699268544093
[Main] Worker finished 1_8_in_3 with score 2.7669498487571544e-07
[Main] Worker finished 7_5_in_3 with score 6.5003483399828905
[Main] Worker finished 4_CIRCLE_in_5 with score 3.314452326160118
[Main] Worker finished 3_3_in_6 with score 0.9892996887000588
[Main] Worker finished 4_8_in_3 with score 8.652151337852702
[Main] Worker finished 4_4_in_5 with score 1.861669673765003
[Main] Worker finished 7_8_in_3 with score 11.066376749298056
[Main] Batch committing 10 runs...
[main 0cb83996] auto: batch update of 10 runs
 Committer: ltkhg4 <ltkhg4@compute-14-36.mill>
Your name and email address were configured automatically based
on your username and hostname. Please check that they are accurate.
You can suppress this message by setting them explicitly. Run the
following command and follow the instructions in your editor to edit
your configuration file:

    git config --global --edit

After doing this, you may fix the identity used for this commit with:

    git commit --amend --reset-author

 2 files changed, 36 insertions(+)
[Main] Worker finished 3_8_in_DOMINO with score 3.5136774054888793
[4_5_in_6] Starting (5000 attempts)
[4_CIRCLE_in_6] Starting (5000 attempts)
[7_8_in_4] Starting (5000 attempts)
[5_5_in_4] Starting (5000 attempts)
[6_8_in_4] Starting (5000 attempts)
[8_5_in_3] Starting (50000 attempts)
[7_5_in_4] Starting (5000 attempts)
[8_6_in_3] Starting (50000 attempts)
[4_8_in_6] Starting (5000 attempts)
[11_5_in_3] Starting (50000 attempts)
[4_DOMINO_in_5] Starting (5000 attempts)
[9_4_in_6] Starting (50000 attempts)
[6_DOMINO_in_3] Starting (5000 attempts)
[6_4_in_6] Starting (5000 attempts)
[11_8_in_3] Starting (50000 attempts)
[4_8_in_8] Starting (5000 attempts)
[3_5_in_3] Starting (5000 attempts)
[7_4_in_8] Starting (5000 attempts)
[5_DOMINO_in_4] Starting (5000 attempts)
[8_4_in_5] Starting (50000 attempts)
[12_5_in_3] Starting (50000 attempts)
[10_8_in_4] Starting (50000 attempts)
[5_8_in_4] Starting (5000 attempts)
[9_5_in_3] Starting (50000 attempts)
[2_5_in_DOMINO] Starting (5000 attempts)
[10_5_in_4] Starting (50000 attempts)
[4_5_in_4] Starting (5000 attempts)
[7_3_in_6] Starting (5000 attempts)
[3_8_in_3] Starting (5000 attempts)
[12_8_in_3] Starting (50000 attempts)
[9_4_in_5] Starting (50000 attempts)
[PASS] Valid configuration, metric s=4.121649568326254
[3_5_in_3] Success!
[Main] Worker finished 3_5_in_3 with score 4.121649568326254
[8_DOMINO_in_3] Starting (50000 attempts)
[PASS] Valid configuration, metric s=1.554604044765109
[2_5_in_DOMINO] Success!
[Main] Worker finished 2_5_in_DOMINO with score 1.5546040447651086
[11_8_in_4] Starting (50000 attempts)
[PASS] Valid configuration, metric s=11.510508621315173
[8_8_in_3] Success!
[Main] Worker finished 8_8_in_3 with score 11.510508621315173
[9_6_in_3] Starting (50000 attempts)
[PASS] Valid configuration, metric s=6.836942457137506
[3_8_in_3] Success!
[Main] Worker finished 3_8_in_3 with score 6.836942457137506
[11_5_in_4] Starting (50000 attempts)
[PASS] Valid configuration, metric s=2.666559321420262
[4_CIRCLE_in_6] Success!
[Main] Worker finished 4_CIRCLE_in_6 with score 2.6665593214202623
[2_6_in_DOMINO] Starting (5000 attempts)
[PASS] Valid configuration, metric s=3.549056332511809
[PASS] Valid configuration, metric s=1.976690791367646
[4_5_in_6] Success!
[Main] Worker finished 4_5_in_6 with score 1.9766907913676464
[PASS] Valid configuration, metric s=7.035645216085856
[5_5_in_4] Success!
[7_8_in_4] Success!
[PASS] Valid configuration, metric s=6.511438022198529
[6_8_in_4] Success!
[Main] Worker finished 5_5_in_4 with score 3.549056332511809
[11_6_in_3] Starting (50000 attempts)
[Main] Worker finished 6_8_in_4 with score 6.511438022198529
[PASS] Valid configuration, metric s=6.811432606210253
[Main] Worker finished 7_8_in_4 with score 7.035645216085856
[Main] Batch committing 10 runs...
[PASS] Valid configuration, metric s=3.278150372781259
[8_5_in_3] Success!
[PASS] Valid configuration, metric s=2.588608133292277
[PASS] Valid configuration, metric s=8.334571071193249
[4_DOMINO_in_5] Success!
[PASS] Valid configuration, metric s=2.232256557748311
[8_6_in_3] Success!
[PASS] Valid configuration, metric s=4.180372828743098
[4_8_in_6] Success!
[7_5_in_4] Success!
[PASS] Valid configuration, metric s=7.937908277965820
[PASS] Valid configuration, metric s=6.309426277028839
[9_4_in_6] Success!
[6_DOMINO_in_3] Success!
[11_5_in_3] Success!
[PASS] Valid configuration, metric s=1.822111684926714
[6_4_in_6] Success!
[PASS] Valid configuration, metric s=13.247374073660659
[PASS] Valid configuration, metric s=2.389029563298287
[4_8_in_8] Success!
[11_8_in_3] Success!
[PASS] Valid configuration, metric s=1.436916493625206
[7_4_in_8] Success!
[PASS] Valid configuration, metric s=3.767811797467219
[5_DOMINO_in_4] Success!
[PASS] Valid configuration, metric s=2.565437774158193
[8_4_in_5] Success!
[PASS] Valid configuration, metric s=8.193870524987446
[12_5_in_3] Success!
[PASS] Valid configuration, metric s=5.828435470809099
[PASS] Valid configuration, metric s=8.242817688442235
[10_8_in_4] Success!
[5_8_in_4] Success!
[PASS] Valid configuration, metric s=7.089761997063669
[9_5_in_3] Success!
[PASS] Valid configuration, metric s=4.907548615895785
[10_5_in_4] Success!
[PASS] Valid configuration, metric s=3.102532217990586
[4_5_in_4] Success!
[PASS] Valid configuration, metric s=1.277365287542202
[7_3_in_6] Success!
[PASS] Valid configuration, metric s=13.628641654591693
[12_8_in_3] Success!
[PASS] Valid configuration, metric s=2.694154964611209
[9_4_in_5] Success!
[PASS] Valid configuration, metric s=1.894691776340323
[2_6_in_DOMINO] Success!
[main 4d20688f] auto: batch update of 10 runs
 Committer: ltkhg4 <ltkhg4@compute-14-36.mill>
Your name and email address were configured automatically based
on your username and hostname. Please check that they are accurate.
You can suppress this message by setting them explicitly. Run the
following command and follow the instructions in your editor to edit
your configuration file:

    git config --global --edit

After doing this, you may fix the identity used for this commit with:

    git commit --amend --reset-author

 31 files changed, 371 insertions(+)
 create mode 100644 results/11_5_in_3/20260808_004107/solution.json
 create mode 100644 results/11_8_in_3/20260808_004111/solution.json
 create mode 100644 results/2_5_in_DOMINO/20260808_004121/solution.json
 create mode 100644 results/2_6_in_DOMINO/20260808_004524/solution.json
 create mode 100644 results/3_5_in_3/20260808_004113/solution.json
 create mode 100644 results/3_8_in_3/20260808_004127/solution.json
 create mode 100644 results/4_5_in_4/20260808_004124/solution.json
 create mode 100644 results/4_5_in_6/20260808_004105/solution.json
 create mode 100644 results/4_8_in_6/20260808_004107/solution.json
 create mode 100644 results/4_8_in_8/20260808_004112/solution.json
 create mode 100644 results/4_CIRCLE_in_6/20260808_004106/solution.json
 create mode 100644 results/4_DOMINO_in_5/20260808_004108/solution.json
 create mode 100644 results/5_5_in_4/20260808_004106/solution.json
 create mode 100644 results/5_8_in_4/20260808_004119/solution.json
 create mode 100644 results/5_DOMINO_in_4/20260808_004114/solution.json
 create mode 100644 results/6_4_in_6/20260808_004110/solution.json
 create mode 100644 results/6_8_in_4/20260808_004106/solution.json
 create mode 100644 results/6_DOMINO_in_3/20260808_004109/solution.json
 create mode 100644 results/7_3_in_6/20260808_004125/solution.json
 create mode 100644 results/7_4_in_8/20260808_004113/solution.json
 create mode 100644 results/7_5_in_4/20260808_004106/solution.json
 create mode 100644 results/7_8_in_4/20260808_004106/solution.json
 create mode 100644 results/8_4_in_5/20260808_004115/solution.json
 create mode 100644 results/8_5_in_3/20260808_004106/solution.json
 create mode 100644 results/8_6_in_3/20260808_004107/solution.json
 create mode 100644 results/8_8_in_3/20260808_003958/solution.json
 create mode 100644 results/9_4_in_5/20260808_004132/solution.json
 create mode 100644 results/9_4_in_6/20260808_004108/solution.json
 create mode 100644 results/9_5_in_3/20260808_004120/solution.json
[8_3_in_6] Starting (50000 attempts)
[12_6_in_3] Starting (50000 attempts)
[Main] Worker finished 2_6_in_DOMINO with score 1.8946917763403228
[16_8_in_3] Starting (50000 attempts)
[Main] Worker finished 7_3_in_6 with score 1.277365287542202
[Main] Worker finished 7_4_in_8 with score 1.4369164936252057
[Main] Worker finished 4_5_in_4 with score 3.1025322179905857
[Main] Worker finished 5_DOMINO_in_4 with score 3.7678117974672194
[Main] Worker finished 12_8_in_3 with score 13.628641654591693
[Main] Worker finished 8_6_in_3 with score 8.334571071193249
[Main] Worker finished 9_4_in_5 with score 2.694154964611209
[Main] Worker finished 8_4_in_5 with score 2.5654377741581933
[Main] Worker finished 4_DOMINO_in_5 with score 2.5886081332922775
[Main] Batch committing 10 runs...
[PASS] Valid configuration, metric s=7.154708355777966
[8_DOMINO_in_3] Success!
[PASS] Valid configuration, metric s=8.576012989269666
[11_8_in_4] Success!
[PASS] Valid configuration, metric s=8.644990984048102
[9_6_in_3] Success!
[PASS] Valid configuration, metric s=5.115745904900878
[11_5_in_4] Success!
[PASS] Valid configuration, metric s=9.548430084825512
[11_6_in_3] Success!
[main 5ab5d773] auto: batch update of 10 runs
 Committer: ltkhg4 <ltkhg4@compute-14-36.mill>
Your name and email address were configured automatically based
on your username and hostname. Please check that they are accurate.
You can suppress this message by setting them explicitly. Run the
following command and follow the instructions in your editor to edit
your configuration file:

    git config --global --edit

After doing this, you may fix the identity used for this commit with:

    git commit --amend --reset-author

 8 files changed, 126 insertions(+)
 create mode 100644 results/10_5_in_4/20260808_004122/solution.json
 create mode 100644 results/10_8_in_4/20260808_004118/solution.json
 create mode 100644 results/12_5_in_3/20260808_004116/solution.json
 create mode 100644 results/12_8_in_3/20260808_004130/solution.json
 create mode 100644 results/8_DOMINO_in_3/20260808_004407/solution.json
 create mode 100644 results/9_6_in_3/20260808_004442/solution.json
[Main] Worker finished 10_8_in_4 with score 8.242817688442235
[Main] Worker finished 6_DOMINO_in_3 with score 6.309426277028839
[Main] Worker finished 11_8_in_3 with score 13.247374073660659
[Main] Worker finished 8_5_in_3 with score 6.8114326062102535
[Main] Worker finished 6_4_in_6 with score 1.822111684926714
[Main] Worker finished 11_5_in_3 with score 7.93790827796582
[Main] Worker finished 9_4_in_6 with score 2.232256557748311
[Main] Worker finished 10_5_in_4 with score 4.907548615895785
[Main] Worker finished 5_8_in_4 with score 5.828435470809099
[Main] Worker finished 4_8_in_6 with score 3.278150372781259
[Main] Batch committing 10 runs...
[PASS] Valid configuration, metric s=1.356940836355194
[PASS] Valid configuration, metric s=9.964748566803838
[8_3_in_6] Success!
[12_6_in_3] Success!
[PASS] Valid configuration, metric s=15.662595351861313
[16_8_in_3] Success!
[main 891bc3a0] auto: batch update of 10 runs
 Committer: ltkhg4 <ltkhg4@compute-14-36.mill>
Your name and email address were configured automatically based
on your username and hostname. Please check that they are accurate.
You can suppress this message by setting them explicitly. Run the
following command and follow the instructions in your editor to edit
your configuration file:

    git config --global --edit

After doing this, you may fix the identity used for this commit with:

    git commit --amend --reset-author

 6 files changed, 80 insertions(+)
 create mode 100644 results/11_5_in_4/20260808_004508/solution.json
 create mode 100644 results/11_6_in_3/20260808_004549/solution.json
 create mode 100644 results/11_8_in_4/20260808_004419/solution.json
 create mode 100644 results/8_3_in_6/20260808_004816/solution.json
[Main] Worker finished 4_8_in_8 with score 2.389029563298287
[Main] Worker finished 12_5_in_3 with score 8.193870524987446
[Main] Worker finished 9_5_in_3 with score 7.089761997063669
[Main] Worker finished 7_5_in_4 with score 4.180372828743098
[11_4_in_6] Starting (50000 attempts)
[9_5_in_4] Starting (50000 attempts)
[10_4_in_8] Starting (50000 attempts)
[13_5_in_4] Starting (50000 attempts)
[17_8_in_3] Starting (50000 attempts)
[13_8_in_3] Starting (50000 attempts)
[8_3_in_8] Starting (50000 attempts)
[16_5_in_3] Starting (50000 attempts)
[13_5_in_3] Starting (50000 attempts)
[17_5_in_3] Starting (50000 attempts)
[13_6_in_3] Starting (50000 attempts)
[14_4_in_8] Starting (50000 attempts)
[7_DOMINO_in_3] Starting (5000 attempts)
[15_5_in_4] Starting (50000 attempts)
[13_8_in_4] Starting (50000 attempts)
[14_5_in_4] Starting (50000 attempts)
[16_6_in_3] Starting (50000 attempts)
[10_4_in_5] Starting (50000 attempts)
[18_8_in_3] Starting (50000 attempts)
[12_8_in_4] Starting (50000 attempts)
[18_5_in_3] Starting (50000 attempts)
[13_4_in_8] Starting (50000 attempts)
[12_3_in_8] Starting (50000 attempts)
[Main] Worker finished 16_8_in_3 with score 15.662595351861313[16_5_in_4] Starting (50000 attempts)

[Main] Worker finished 11_8_in_4 with score 8.576012989269666
[Main] Worker finished 11_5_in_4 with score 5.115745904900878
[Main] Worker finished 11_6_in_3 with score 9.548430084825512
[Main] Worker finished 8_DOMINO_in_3 with score 7.1547083557779665
[Main] Worker finished 9_6_in_3 with score 8.644990984048102
[Main] Batch committing 10 runs...
[main c5dd7d43] auto: batch update of 10 runs
 Committer: ltkhg4 <ltkhg4@compute-14-36.mill>
Your name and email address were configured automatically based
on your username and hostname. Please check that they are accurate.
You can suppress this message by setting them explicitly. Run the
following command and follow the instructions in your editor to edit
your configuration file:

    git config --global --edit

After doing this, you may fix the identity used for this commit with:

    git commit --amend --reset-author

 4 files changed, 80 insertions(+)
 create mode 100644 results/12_6_in_3/20260808_004816/solution.json
 create mode 100644 results/16_8_in_3/20260808_004816/solution.json
[Main] Worker finished 8_3_in_6 with score 1.3569408363551942
[Main] Worker finished 12_6_in_3 with score 9.964748566803838
[6_5_in_3] Starting (5000 attempts)
[11_3_in_8] Starting (50000 attempts)
[17_8_in_4] Starting (50000 attempts)
[17_5_in_4] Starting (50000 attempts)
[15_4_in_8] Starting (50000 attempts)
[17_6_in_3] Starting (50000 attempts)
[14_5_in_3] Starting (50000 attempts)
[12_5_in_4] Starting (50000 attempts)
[PASS] Valid configuration, metric s=5.521152154180106
[PASS] Valid configuration, metric s=2.409484369183190
[PASS] Valid configuration, metric s=1.681841914780112
[PASS] Valid configuration, metric s=0.987787569697121
[PASS] Valid configuration, metric s=4.600412666833241
[13_5_in_4] Success!
[Main] Worker finished 13_5_in_4 with score 5.521152154180106
[9_5_in_4] Success!
[8_3_in_8] Success![10_4_in_8] Success!

[11_4_in_6] Success!
[Main] Worker finished 9_5_in_4 with score 4.600412666833241[22_5_in_3] Starting (50000 attempts)
[PASS] Valid configuration, metric s=14.043894378809615

[Main] Worker finished 8_3_in_8 with score 0.9877875696971208
[13_8_in_3] Success!
[Main] Worker finished 11_4_in_6 with score 2.40948436918319
[PASS] Valid configuration, metric s=9.304804612391116
[16_5_in_3] Success!
[Main] Worker finished 10_4_in_8 with score 1.6818419147801118
[PASS] Valid configuration, metric s=16.077796643193164
[PASS] Valid configuration, metric s=1.983341419335177
[PASS] Valid configuration, metric s=10.293805144196833
[17_8_in_3] Success!
[14_4_in_8] Success!
[PASS] Valid configuration, metric s=9.583477245712984
[13_6_in_3] Success!
[17_5_in_3] Success!
[6_6_in_3] Starting (5000 attempts)
[PASS] Valid configuration, metric s=6.614052791832837
[7_DOMINO_in_3] Success!
[13_4_in_6] Starting (50000 attempts)
[PASS] Valid configuration, metric s=8.379120699169718
[13_5_in_3] Success!
[PASS] Valid configuration, metric s=5.903498335950099
[15_5_in_4] Success!
[PASS] Valid configuration, metric s=5.698935460853391
[14_5_in_4] Success!
[PASS] Valid configuration, metric s=2.793321203811656
[10_4_in_5] Success!
[PASS] Valid configuration, metric s=9.199897969623336
[13_8_in_4] Success!
[23_5_in_3] Starting (50000 attempts)
[PASS] Valid configuration, metric s=8.816456661132593
[12_8_in_4] Success!
[PASS] Valid configuration, metric s=11.371595632874065
[16_6_in_3] Success!
[Main] Worker finished 17_8_in_3 with score 16.077796643193164
[14_8_in_4] Starting (50000 attempts)
[Main] Worker finished 15_5_in_4 with score 5.903498335950099
[Main] Worker finished 14_4_in_8 with score 1.9833414193351773
[Main] Batch committing 10 runs...
[PASS] Valid configuration, metric s=16.435668404579975
[PASS] Valid configuration, metric s=1.897154419323698
[13_4_in_8] Success!
[18_8_in_3] Success!
[PASS] Valid configuration, metric s=1.199413956817164
[12_3_in_8] Success!
[PASS] Valid configuration, metric s=6.065688009756495
[16_5_in_4] Success!
[PASS] Valid configuration, metric s=9.800365611847313
[18_5_in_3] Success!
[PASS] Valid configuration, metric s=5.635408328924276
[6_5_in_3] Success!
[main 7823b73b] auto: batch update of 10 runs
 Committer: ltkhg4 <ltkhg4@compute-14-36.mill>
Your name and email address were configured automatically based
on your username and hostname. Please check that they are accurate.
You can suppress this message by setting them explicitly. Run the
following command and follow the instructions in your editor to edit
your configuration file:

    git config --global --edit

After doing this, you may fix the identity used for this commit with:

    git commit --amend --reset-author

 26 files changed, 293 insertions(+)
 create mode 100644 results/10_4_in_5/20260808_005305/solution.json
 create mode 100644 results/10_4_in_8/20260808_005258/solution.json
 create mode 100644 results/11_4_in_6/20260808_005258/solution.json
 create mode 100644 results/12_3_in_8/20260808_005308/solution.json
 create mode 100644 results/12_8_in_4/20260808_005305/solution.json
 create mode 100644 results/13_4_in_8/20260808_005307/solution.json
 create mode 100644 results/13_5_in_3/20260808_005259/solution.json
 create mode 100644 results/13_5_in_4/20260808_005258/solution.json
 create mode 100644 results/13_6_in_3/20260808_005301/solution.json
 create mode 100644 results/13_8_in_3/20260808_005258/solution.json
 create mode 100644 results/13_8_in_4/20260808_005303/solution.json
 create mode 100644 results/14_4_in_8/20260808_005301/solution.json
 create mode 100644 results/14_5_in_4/20260808_005304/solution.json
 create mode 100644 results/15_5_in_4/20260808_005302/solution.json
 create mode 100644 results/16_5_in_3/20260808_005259/solution.json
 create mode 100644 results/16_5_in_4/20260808_005309/solution.json
 create mode 100644 results/16_6_in_3/20260808_005305/solution.json
 create mode 100644 results/17_5_in_3/20260808_005300/solution.json
 create mode 100644 results/17_8_in_3/20260808_005258/solution.json
 create mode 100644 results/18_5_in_3/20260808_005306/solution.json
 create mode 100644 results/18_8_in_3/20260808_005305/solution.json
 create mode 100644 results/7_DOMINO_in_3/20260808_005302/solution.json
 create mode 100644 results/8_3_in_8/20260808_005258/solution.json
 create mode 100644 results/9_5_in_4/20260808_005258/solution.json
[Main] Worker finished 13_8_in_4 with score 9.199897969623336
[Main] Worker finished 7_DOMINO_in_3 with score 6.614052791832837
[Main] Worker finished 16_6_in_3 with score 11.371595632874065
[Main] Worker finished 13_6_in_3 with score 10.293805144196833
[Main] Worker finished 13_5_in_3 with score 8.379120699169718
[Main] Worker finished 10_4_in_5 with score 2.793321203811656
[Main] Worker finished 16_5_in_3 with score 9.304804612391116
[Main] Worker finished 14_5_in_4 with score 5.698935460853391
[Main] Worker finished 12_8_in_4 with score 8.816456661132593
[Main] Worker finished 17_5_in_3 with score 9.583477245712984
[Main] Batch committing 10 runs...
[PASS] Valid configuration, metric s=1.145673964791238
[11_3_in_8] Success!
[PASS] Valid configuration, metric s=10.449895341199724
[17_8_in_4] Success!
[PASS] Valid configuration, metric s=6.244705635509875
[17_5_in_4] Success!
[PASS] Valid configuration, metric s=2.031913350071040
[15_4_in_8] Success!
[PASS] Valid configuration, metric s=11.644155725239349
[17_6_in_3] Success!
[PASS] Valid configuration, metric s=8.593681552142662
[14_5_in_3] Success!
[PASS] Valid configuration, metric s=5.232637863951477
[12_5_in_4] Success!
[PASS] Valid configuration, metric s=6.898980293351454
[6_6_in_3] Success!
[PASS] Valid configuration, metric s=10.762092385951366
[22_5_in_3] Success!
